Fetching ETF list from NASDAQ...
Scraped 50 / 4526 ETFs...
Scraped 100 / 4526 ETFs...
Scraped 150 / 4526 ETFs...
Scraped 200 / 4526 ETFs...
Scraped 250 / 4526 ETFs...
Scraped 300 / 4526 ETFs...
Scraped 350 / 4526 ETFs...
Scraped 400 / 4526 ETFs...
Scraped 450 / 4526 ETFs...
Scraped 500 / 4526 ETFs...
Scraped 550 / 4526 ETFs...
Scraped 600 / 4526 ETFs...
Scraped 650 / 4526 ETFs...
Scraped 700 / 4526 ETFs...
Scraped 750 / 4526 ETFs...
Scraped 800 / 4526 ETFs...
Scraped 850 / 4526 ETFs...
Scraped 900 / 4526 ETFs...
Scraped 950 / 4526 ETFs...
Scraped 1000 / 4526 ETFs...
Scraped 1050 / 4526 ETFs...
Scraped 1100 / 4526 ETFs...
Scraped 1150 / 4526 ETFs...
Scraped 1200 / 4526 ETFs...
Scraped 1250 / 4526 ETFs...
Scraped 1300 / 4526 ETFs...
Scraped 1350 / 4526 ETFs...
Scraped 1400 / 4526 ETFs...
Scraped 1450 / 4526 ETFs...
Scraped 1500 / 4526 ETFs...
Scraped 1550 / 4526 ETFs...
Scraped 1600 / 4526 ETFs...
Scraped 1650 / 4526 ETFs...
Scraped 1700 / 4526 ETFs...
Scraped 1750 / 4526 ETFs...
Scraped 1800 / 4526 ETFs...
Scraped 1850 / 4526 ETFs...
Scraped 1900 / 4526 ETFs...
Scraped 1950 / 4526 ETFs...
Scraped 2000 / 4526 ETFs...
Scraped 2050 / 4526 ETFs...
Scraped 2100 / 4526 ETFs...
Scraped 2150 / 4526 ETFs...
Scraped 2200 / 4526 ETFs...
Scraped 2250 / 4526 ETFs...
Scraped 2300 / 4526 ETFs...
Scraped 2350 / 4526 ETFs...
Scraped 2400 / 4526 ETFs...
Scraped 2450 / 4526 ETFs...
Scraped 2500 / 4526 ETFs...
Scraped 2550 / 4526 ETFs...
Scraped 2600 / 4526 ETFs...
Scraped 2650 / 4526 ETFs...
Scraped 2700 / 4526 ETFs...
Scraped 2750 / 4526 ETFs...
Scraped 2800 / 4526 ETFs...
Scraped 2850 / 4526 ETFs...
Scraped 2900 / 4526 ETFs...
Scraped 2950 / 4526 ETFs...
Scraped 3000 / 4526 ETFs...
Scraped 3050 / 4526 ETFs...
Scraped 3100 / 4526 ETFs...
Scraped 3150 / 4526 ETFs...
Scraped 3200 / 4526 ETFs...
Scraped 3250 / 4526 ETFs...
Scraped 3300 / 4526 ETFs...
Scraped 3350 / 4526 ETFs...
Scraped 3400 / 4526 ETFs...
Scraped 3450 / 4526 ETFs...
Scraped 3500 / 4526 ETFs...
Scraped 3550 / 4526 ETFs...
Scraped 3600 / 4526 ETFs...
Scraped 3650 / 4526 ETFs...
Scraped 3700 / 4526 ETFs...
Scraped 3750 / 4526 ETFs...
Scraped 3800 / 4526 ETFs...
Scraped 3850 / 4526 ETFs...
Scraped 3900 / 4526 ETFs...
Scraped 3950 / 4526 ETFs...
Scraped 4000 / 4526 ETFs...
Scraped 4050 / 4526 ETFs...
Scraped 4100 / 4526 ETFs...
Scraped 4150 / 4526 ETFs...
Scraped 4200 / 4526 ETFs...
Scraped 4250 / 4526 ETFs...
Scraped 4300 / 4526 ETFs...
Scraped 4350 / 4526 ETFs...
Scraped 4400 / 4526 ETFs...
Scraped 4450 / 4526 ETFs...
Scraped 4500 / 4526 ETFs...
Scraped 4526 / 4526 ETFs...
Total ETFs downloaded: 3148
Fetching data for 2723 new ETFs...
Skipped PEMX - No data
Skipped BABX - No data
Skipped TCV - No dataSkipped PCL - No data

Skipped BAPR - No data
Skipped EMES - No data
Skipped ZTRE - No data
Skipped TYLD - No data
Skipped JETD - No data
Skipped GTR - No data
Skipped FLCC - No data
Skipped IDVO - No data
Skipped XOMO - No data
Skipped GAMR - No data
Skipped NBCR - No data
Skipped NVDX - No data
Skipped DBEF - No data
Skipped FKU - No data
Skipped LABU - No data
Skipped HDEF - No data
Skipped WRND - No data
Skipped NETL - No data
Skipped WLDR - No data
Skipped FLQM - No data
HTTP Error 401: {"finance":{"result":null,"error":{"code":"Unauthorized","description":"Invalid Crumb"}}}
Skipped AVGE - No data
HTTP Error 401: {"finance":{"result":null,"error":{"code":"Unauthorized","description":"Invalid Crumb"}}}
Skipped TSDD - No data
Skipped TAXS - No data
Skipped PQOC - No data
Skipped PKB - No data
Skipped BCKT - No data
Skipped LINT - No data
Skipped EPSV - No data
Skipped KONG - No data
HTTP Error 401: {"finance":{"result":null,"error":{"code":"Unauthorized","description":"User is unable to access this feature - https://bit.ly/yahoo-finance-api-feedback"}}}
Skipped SFGV - No data
Skipped FMTM - No data
Skipped ILDR - No data
Skipped AVMC - No data
HTTP Error 401: {"finance":{"result":null,"error":{"code":"Unauthorized","description":"Invalid Crumb"}}}
Skipped TPIF - No data
Skipped PRF - No data
Skipped GXPT - No data
Skipped SIXH - No data
Skipped RAAX - No dataSkipped FMDE - No data

Skipped USMF - No data
Skipped EGUS - No data
Skipped JULJ - No data
Skipped IVSX - No dataSkipped PGX - No data

Skipped PRMR - No data
Skipped IJR - No data
Skipped RTH - No dataSkipped BCGS - No data

Skipped JMTG - No data
Skipped SCHM - No data
Skipped WEEK - No data
Skipped TBLL - No data
Skipped FEBZ - No data
Skipped YBST - No data
Skipped TIPX - No data
HTTP Error 401: {"finance":{"result":null,"error":{"code":"Unauthorized","description":"Invalid Crumb"}}}
Skipped PDBA - No data
Skipped MQQQ - No data
Skipped XRPR - No data
Skipped IWMY - No data
Skipped XAUG - No data
Skipped HWAY - No data
Skipped EQIN - No data
Skipped JOET - No dataSkipped YMAX - No data

Skipped AUMI - No data
Skipped CBOA - No data
Skipped BDCX - No data
Skipped EDZ - No data
Skipped EPP - No data
Skipped JHMM - No data
Skipped BUFI - No data
Skipped PTNQ - No data
Skipped CSCS - No data
Skipped DIVN - No data
Skipped NFLW - No data
Skipped XSVM - No data
Skipped WLTG - No data
Skipped SATG - No data
Skipped EWG - No data
Skipped PRN - No data
Skipped TSPA - No data
Skipped STXT - No data
Skipped PCEF - No data
Skipped KPRO - No data
Skipped DFGX - No data
HTTP Error 401: {"finance":{"result":null,"error":{"code":"Unauthorized","description":"Invalid Crumb"}}}
Skipped TAPR - No data
Skipped GFGF - No data
Skipped OALC - No data
Skipped CEW - No data
Skipped BBUS - No data
Skipped FEBU - No data
Skipped DFSV - No data
Skipped ITWO - No data
Skipped RAUS - No data
HTTP Error 401: {"finance":{"result":null,"error":{"code":"Unauthorized","description":"Invalid Crumb"}}}
Skipped IGHG - No data
Skipped BUFD - No data
Skipped FLDZ - No data
Skipped BAMO - No data
Skipped GSEW - No data
Skipped BAMG - No data
Skipped PJAN - No dataSkipped TDI - No data

Skipped TCAF - No data
Skipped EDIV - No data
Skipped FEBT - No data
Skipped TILL - No data
Skipped AXPG - No data
Skipped PCS - No data
Skipped FMKT - No data
Skipped FDEM - No data
Skipped SHLD - No data
Skipped FJP - No data
Skipped ARP - No data
Skipped UAUG - No data
Skipped BCLO - No data
Skipped HYEM - No data
Skipped AVOS - No data
Skipped TUG - No data
Skipped GUMI - No data
HTTP Error 401: {"finance":{"result":null,"error":{"code":"Unauthorized","description":"User is unable to access this feature - https://bit.ly/yahoo-finance-api-feedback"}}}
Skipped FLQL - No data
Skipped MCH - No data
Skipped MAYP - No data
Skipped GXIG - No data
Skipped IJT - No data
Skipped BAMU - No data
Skipped PQDI - No data
Skipped MBCE - No data
Skipped DPST - No data
Skipped SUSL - No data
Skipped SIXS - No data
Skipped IWMW - No data
Skipped SOFX - No dataSkipped GSSC - No data

Skipped CCOR - No data
Skipped FCSH - No data
Skipped ZDEK - No data
Skipped FIXD - No data
Skipped EDEN - No data
Skipped JEMA - No data
Skipped ZROZ - No data
Skipped BBJP - No data
Skipped EUAD - No data
Skipped RFLR - No data
Skipped GMMA - No data
Skipped RING - No data
Skipped JAVA - No data
Skipped JVAL - No data
Skipped HELX - No data
Skipped QBSF - No data
Skipped AVGG - No data
Skipped XTN - No data
Skipped NBTR - No data
Skipped NMAY - No data
Skipped IVVW - No data
Skipped GXLC - No data
Skipped PBTP - No dataSkipped ILCB - No data

Skipped TIIV - No data
Skipped SCHQ - No data
Skipped FLRG - No data
Skipped NDAA - No dataSkipped XEMD - No data

Skipped XDIV - No data
Skipped SKOR - No data
Skipped TUSB - No data
Skipped PLTY - No data
Skipped EWV - No data
Skipped BGLD - No data
Skipped USDX - No data
Skipped ALBG - No data
Skipped NUMG - No dataSkipped EUHY - No data

Skipped EZBC - No data
Skipped DBEM - No data
Skipped EEMA - No data
Skipped RDTL - No data
Skipped MSMR - No data
Skipped IEI - No data
Skipped GSLC - No data
Skipped EFU - No data
Skipped PHDG - No data
HTTP Error 401: {"finance":{"result":null,"error":{"code":"Unauthorized","description":"Invalid Crumb"}}}
Skipped PBMY - No data
Skipped SGOV - No data
Skipped BTCC - No data
Skipped BRKW - No data
Skipped GTOP - No data
Skipped EIPI - No data
Skipped RDFI - No data
Skipped FIW - No data
Skipped NIOG - No data
Skipped XT - No data
Skipped HVAC - No data
Skipped XHS - No data
Skipped APRW - No data
Skipped POWA - No data
Skipped WEEL - No data
Skipped RMCA - No data
Skipped RSPH - No data
Skipped PXF - No data
Skipped NMAR - No data
Saved LPRE - $29.57
Skipped FGSM - No data
Skipped TILT - No data
Skipped WXET - No data
Skipped OACP - No data
Skipped MAYZ - No data
Skipped JIRE - No data
Skipped HTAB - No data
Skipped ZNOV - No data
Skipped SJNK - No data
Skipped HOOY - No data
Skipped BUFR - No dataSkipped LRGG - No data

Skipped FDTX - No data
Skipped EFZ - No data
Skipped HIMU - No data
Skipped YSEP - No data
Skipped SEIE - No data
Skipped DIVP - No dataSkipped YFFI - No data

Skipped BNDC - No data
Skipped RFV - No data
Skipped DRAM - No data
Skipped EART - No data
Skipped BINV - No data
Skipped NITE - No data
Skipped MST - No data
Skipped IETC - No dataSkipped GENW - No data

Skipped PTMC - No data
Skipped HYGW - No data
Skipped PONX - No data
Skipped SHYM - No data
Skipped DFSD - No data
Skipped KORU - No data
Skipped RSMC - No dataSkipped TRSY - No data

Skipped IWC - No data
Skipped IG - No data
Skipped YYY - No data
Skipped NOWL - No data
Skipped EMQQ - No data
Skipped DRAI - No data
Skipped FGM - No data
Skipped USMV - No data
Skipped FIGG - No data
Skipped GUSA - No data
Skipped AOM - No data
Skipped DHDG - No data
Skipped TTT - No data
Skipped TMB - No data
Skipped ZIG - No data
Skipped BDYN - No data
Skipped EPHE - No data
Skipped BBHY - No data
Skipped NUMV - No data
Skipped TAFM - No data
Skipped BTCI - No data
Skipped AMAX - No data
Skipped IGIB - No data
Skipped CBOJ - No data
Skipped EFAV - No dataSkipped IBIH - No data

Skipped SEPI - No data
Skipped KMAY - No data
Skipped EPV - No data
Skipped XYZY - No data
Skipped BFEB - No data
Skipped CCSO - No data
Skipped RDVY - No data
Skipped KOMP - No data
Skipped DFIP - No data
Skipped XME - No data
Skipped KJAN - No dataSkipped SCHP - No data

Skipped ESGU - No data
Skipped DDFS - No data
Skipped ELIL - No data
Skipped TQQQ - No data
Skipped SEA - No data
Skipped DIHP - No data
Skipped EUDV - No data
Skipped NBSM - No data
Skipped GLOW - No data
Skipped KJUN - No data
Skipped EIS - No data
Skipped NMB - No data
Skipped STXG - No data
Skipped EURL - No data
Skipped BEX - No data
Skipped TAX - No data
Skipped IDX - No data
Skipped EMOT - No data
Skipped BSMV - No data
Skipped MSOS - No data
Skipped SCO - No data
Skipped GRPZ - No data
Skipped GRNB - No data
Skipped NUG - No dataSkipped BIDD - No data

Skipped RIGS - No data
Skipped STOT - No data
Skipped KSLV - No data
Skipped CBTY - No data
Skipped FDN - No data
Skipped HRTS - No data
Skipped IBDX - No data
Skipped BSCT - No data
Skipped IFRA - No data
Skipped OBOR - No data
Skipped HIYY - No data
Skipped DJAN - No data
Skipped GSGO - No data
Skipped ZAUG - No data
Skipped BOEG - No data
Skipped AVGW - No data
Skipped MPLY - No data
Skipped FXU - No data
Skipped DHLX - No data
Skipped PFLD - No data
Skipped UBOT - No data
Skipped XUSP - No data
Skipped ETHW - No data
Skipped XV - No data
Skipped XSHQ - No dataSkipped AVGB - No data

Skipped IBMO - No data
Skipped TUR - No data
Skipped JPO - No data
Skipped EPU - No data
Skipped TSEL - No data
Skipped PVAL - No data
Skipped BILZ - No data
Skipped FARX - No data
Skipped PMAR - No data
Skipped TSUI - No data
Skipped BABU - No data
Skipped GOEX - No data
Skipped RSBT - No data
Skipped SH - No data
Skipped DFII - No data
Skipped SCYB - No data
Skipped IYR - No data
Skipped RITA - No data
HTTP Error 401: {"finance":{"result":null,"error":{"code":"Unauthorized","description":"Invalid Crumb"}}}
Skipped IWD - No data
Skipped TRTY - No data
Skipped MRCP - No data
Skipped RWM - No data
Skipped RSPT - No data
Skipped USIG - No data
Skipped QDEC - No data
Skipped DDFL - No data
Skipped GMOI - No data
Skipped EQWL - No data
Skipped AVDE - No data
Skipped TOUS - No data
Skipped BBAX - No data
Skipped ERTH - No data
Skipped FCPI - No data
Skipped HDUS - No data
Skipped ERY - No data
Skipped DAK - No data
Skipped BUFP - No data
Skipped BAMD - No data
Skipped SNPD - No data
Skipped FDIG - No data
Skipped GAL - No data
Skipped NULV - No data
Skipped IBIG - No data
Skipped EMDV - No data
Skipped FAI - No data
HTTP Error 401: {"finance":{"result":null,"error":{"code":"Unauthorized","description":"User is unable to access this feature - https://bit.ly/yahoo-finance-api-feedback"}}}
Skipped AVDS - No data
Skipped ZSB - No data
Skipped RYLD - No data
Skipped FCAL - No data
Skipped BILS - No data
Skipped FMET - No data
Skipped JHHY - No data
Skipped IBHK - No data
Skipped HYXF - No data
Skipped IMCG - No data
Skipped AMZA - No data
Skipped NUDM - No data
Skipped XRPC - No data
Skipped IGRO - No data
Skipped PNOV - No data
Skipped CWI - No data
Skipped WUGI - No data
Skipped ITDI - No data
Skipped IFEB - No data
Skipped PMIO - No data
Skipped ANEW - No data
Skipped EVNT - No data
Skipped XISE - No data
Skipped HYDW - No data
Skipped TPHD - No data
Skipped DALI - No data
Skipped RFFC - No data
Skipped AJAN - No data
Skipped TBJL - No data
Skipped IAUG - No data
Skipped MTBA - No data
Skipped TOTR - No data
Skipped JUNZ - No data
Skipped IVLU - No data
HTTP Error 401: {"finance":{"result":null,"error":{"code":"Unauthorized","description":"Invalid Crumb"}}}
Skipped FID - No data
Skipped SIXJ - No data
Skipped NULC - No data
Skipped FLCA - No data
Skipped IJH - No data
Skipped ITAN - No data
Skipped SOCL - No data
Skipped TXUG - No data
Skipped JUNM - No data
Skipped BHYB - No data
Skipped XNTK - No data
Skipped IWP - No data
Skipped MAGX - No data
Skipped SMMV - No data
Skipped TOTL - No data
Skipped OAIM - No data
Skipped PBFB - No data
Skipped SIXZ - No data
Skipped PLTW - No data
Skipped JMSI - No data
Skipped IBHF - No data
Skipped ESIM - No data
Skipped EPEM - No data
Skipped SDFI - No data
Skipped DIVD - No dataSkipped PBSE - No data

Skipped PINK - No data
Skipped BAB - No data
Skipped HSMV - No data
Skipped HYBI - No data
Skipped NIKL - No data
Skipped SDSI - No dataSkipped BPI - No data

Skipped JCHI - No data
Skipped DDM - No data
Skipped JIII - No data
Skipped BIS - No data
Skipped GXPC - No data
Skipped SYSB - No data
Skipped FDVV - No data
Skipped PRAE - No data
Skipped FAAR - No data
Skipped IMTM - No data
Skipped EJAN - No data
Skipped IVOO - No data
Skipped DMAR - No data
Skipped HODU - No data
Skipped FDT - No data
Skipped NVDG - No data
Skipped XBAP - No data
Skipped CRPT - No data
Skipped PCLO - No data
Skipped XSLV - No data
Skipped IVOG - No data
Skipped PMAP - No data
Skipped ARGT - No data
Skipped PILL - No data
Skipped GSPY - No data
Skipped DAUG - No data
Skipped HOOG - No data
Skipped LIAM - No data
Skipped GXUS - No data
Skipped SDIV - No data
Skipped JHDV - No data
Skipped SSS - No data
Skipped TARK - No data
Skipped HIBL - No data
Skipped JANM - No data
Skipped EPIN - No data
Skipped AVUV - No data
Skipped BCHI - No data
Skipped MSOX - No data
Skipped LST - No data
Skipped MAAY - No data
Skipped BBEU - No data
Skipped AVRE - No data
Skipped NBSD - No data
Skipped RSP - No dataSkipped EMMF - No data

Skipped FMUB - No data
Skipped EFNL - No data
Skipped NUHY - No data
Skipped BTCW - No data
Skipped IVSS - No data
Skipped MRSK - No data
Skipped GSIB - No data
Skipped REVS - No data
Skipped TPYP - No data
Skipped LRCU - No data
Skipped MSDD - No data
Skipped BALQ - No data
Skipped PICB - No data
Skipped BETZ - No data
Skipped RIFR - No data
Skipped ISUL - No data
Skipped DDFM - No data
Skipped FMAT - No dataSkipped FFEB - No data

Skipped PVI - No data
Skipped GDXD - No data
Skipped SGDM - No data
Skipped CSCL - No data
Skipped JMOM - No data
Skipped SWP - No data
Skipped HUSV - No data
Skipped TJAN - No data
Skipped ETEC - No data
Skipped PYPY - No data
Skipped HIPS - No data
Skipped FIAT - No data
Skipped FITE - No data
Skipped SDG - No data
Skipped GBF - No data
Skipped UBT - No data
Skipped GTPE - No data
Skipped ESLG - No data
Skipped ERET - No dataSkipped XES - No data

Skipped WIP - No data
HTTP Error 401: {"finance":{"result":null,"error":{"code":"Unauthorized","description":"Invalid Crumb"}}}
Skipped LCTU - No data
Skipped ZALT - No data
Skipped TMED - No data
Skipped MSTX - No data
Skipped IGV - No data
Skipped TRND - No data
Skipped DFVX - No data
Skipped APLX - No data
Skipped GLGG - No data
Skipped BSMQ - No data
Skipped NBJP - No data
Skipped USCL - No data
Skipped DGRO - No dataSkipped EIPX - No data

Skipped HAPI - No data
Skipped BDIV - No data
Skipped ITEQ - No data
Skipped XPP - No data
Skipped SGLC - No data
Skipped AVEM - No data
Skipped QAI - No data
Skipped NFLU - No data
Skipped MPG - No data
Skipped LCR - No data
Skipped FENY - No data
Skipped YJUN - No data
Skipped FLDR - No dataSkipped CBSE - No data

Skipped DECZ - No data
Skipped PEPS - No data
Skipped RHRX - No data
Skipped TSMU - No data
Skipped ZVOL - No data
Skipped GMF - No data
Skipped GOAU - No data
Skipped CEMB - No data
Skipped IBDV - No data
Skipped KBA - No data
Skipped LENS - No data
Skipped APPX - No data
Skipped BEEX - No data
Skipped CEFZ - No data
Skipped EVSB - No data
Skipped SCZ - No data
Skipped JOJO - No data
Skipped PIO - No data
Skipped IBMP - No data
Skipped LQTI - No data
Skipped IUSV - No data
Skipped FGD - No data
Skipped TSCM - No data
Skipped LCTD - No data
Skipped FXZ - No data
Skipped SVIX - No data
Skipped IEUR - No data
Skipped PQJA - No data
Skipped WLDU - No data
Skipped BSOL - No data
Skipped NOVM - No data
Skipped SCHO - No data
Skipped DJTU - No data
Skipped FLXR - No data
Skipped FBUF - No data
Skipped AVMU - No dataSkipped HUTG - No data

Skipped RDIV - No data
Skipped KIE - No data
Skipped LEXI - No data
Skipped ZSEP - No data
Skipped NEAR - No dataSkipped TAXT - No data

Skipped HEDJ - No data
Skipped LDDR - No data
Skipped DHSB - No data
Skipped FBDC - No data
Skipped ECNS - No data
Skipped SVXY - No data
Skipped PIZ - No data
Skipped ESN - No data
Skipped BNDI - No data
Skipped RODM - No data
Skipped PFRL - No data
Skipped BEMB - No data
Skipped NVDY - No data
Skipped PWRD - No data
Skipped LOPP - No data
Skipped SLVP - No data
Skipped TBLU - No data
Skipped FJUN - No data
Skipped PID - No data
Skipped GMEY - No data
Skipped RSPF - No data
Skipped RYLG - No dataSkipped JPIB - No data

Skipped SIXO - No data
Skipped MSTY - No data
Skipped TBIL - No data
Skipped NJNK - No data
Skipped LMUB - No data
Skipped PUSH - No dataSkipped USDU - No data
Skipped GRNY - No data

Skipped ITDB - No data
Skipped LIMI - No data
Skipped DECM - No data
Skipped BOUT - No data
Skipped IVRS - No dataSkipped FFND - No data

Skipped BHDG - No data
Skipped IYJ - No data
Skipped NCIQ - No data
Skipped SMDV - No dataSkipped NUEM - No data

Skipped KBAB - No data
Skipped NCPB - No data
Skipped JPMB - No data
Skipped CSD - No data
Skipped AVGV - No data
Skipped IBGM - No data
Skipped AWAY - No data
Skipped MSTZ - No data
Skipped DMX - No data
Skipped KBDU - No data
Skipped JNEU - No data
Skipped STNC - No data
Skipped DBP - No data
Skipped HYSA - No dataSkipped PEX - No data

Skipped EGLE - No data
Skipped HYGV - No data
Skipped BUFG - No data
Skipped TSOL - No data
Skipped ZOCT - No data
Skipped DFSB - No data
Skipped NRGD - No data
Skipped IAUI - No dataSkipped FBT - No data

Skipped FYT - No data
Skipped TTOP - No data
Skipped MSFY - No data
Skipped JETU - No data
Skipped LGHT - No dataSkipped NVD - No data

Skipped TAFI - No data
Skipped LGRO - No data
Skipped BSCS - No data
Skipped FIXT - No data
Skipped BRHY - No dataSkipped AVNM - No data

Skipped GMOM - No data
Skipped FLCE - No data
Skipped EMLP - No data
Skipped PBMR - No data
Skipped LODI - No data
Skipped BBBI - No data
Skipped IBLC - No data
Skipped SMRI - No data
Skipped ZJUN - No data
Skipped TRUT - No data
Skipped JPAN - No data
Skipped IYY - No data
Skipped BABO - No data
Skipped GAEM - No dataSkipped HFSI - No data
Skipped PEXL - No data

Skipped AVXX - No data
Skipped AMDW - No data
Skipped USNG - No data
Skipped SDY - No data
Skipped FLOW - No data
Skipped AOA - No data
Skipped LOGO - No data
Skipped BETE - No data
Skipped RCAX - No data
Skipped BELT - No data
Skipped RBUF - No data
Skipped GDOC - No data
Skipped URTY - No data
Skipped RNIN - No data
Skipped CFO - No data
Skipped FMB - No data
Skipped IBAT - No data
Skipped CSEX - No data
Skipped SHAG - No data
Skipped IVSI - No data
Skipped QCJA - No data
Skipped PMBS - No data
Skipped ESG - No data
Skipped TLG - No data
Skipped EMBD - No data
Skipped BOND - No data
Skipped BAIG - No dataSkipped ALIL - No data

Skipped EWD - No data
Skipped NIHI - No data
Skipped RSMV - No data
Skipped DDFJ - No data
Skipped TTEQ - No dataSkipped FDV - No data

Skipped RGEF - No data
Skipped BSCW - No data
Skipped ISPY - No data
Skipped JHSC - No data
Skipped MAMB - No data
Skipped QBTX - No data
Skipped ENZL - No data
Skipped IBIC - No data
Skipped RXI - No dataSkipped MSSM - No data

Skipped USAI - No data
Skipped BUFC - No data
Skipped MSTQ - No data
Skipped KTEC - No data
Skipped AUSM - No data
Skipped XTRE - No data
Skipped RMOP - No data
Skipped SIHY - No data
Skipped WTIP - No data
Skipped UAE - No data
Skipped OCTH - No data
Skipped RDTE - No data
Skipped FEMR - No data
Skipped HUMN - No data
Skipped EHLS - No data
Skipped KSPY - No data
Skipped NBET - No data
Skipped SMIG - No data
Skipped HELO - No data
Skipped RSPR - No data
Skipped KEAT - No data
Skipped IMVP - No data
Skipped USFE - No data
Skipped BCDF - No data
Skipped DBEZ - No data
Skipped RSSL - No data
Skipped PGF - No data
Skipped EMC - No data
Skipped STXV - No data
Skipped HYBL - No data
Skipped LMTL - No data
Skipped BUFT - No data
Skipped BITA - No dataSkipped JQUA - No data

Skipped FCOM - No data
Skipped EPOL - No data
Skipped LGLV - No data
Skipped MRGR - No data
Skipped ESGD - No data
Skipped LULG - No data
Skipped USAF - No data
Skipped SMBS - No data
Skipped LCOW - No data
Skipped JMUB - No data
Skipped LGCF - No data
Skipped IAK - No data
Skipped WTV - No data
Skipped ROE - No data
Skipped EPMV - No data
Skipped LCLG - No data
Skipped BUFB - No data
Skipped BBH - No data
Skipped PJUL - No data
Skipped HOOW - No data
Skipped FLQS - No data
Skipped ROM - No data
Skipped KRE - No data
Skipped LVIG - No data
Skipped FIDI - No data
Skipped FLAO - No dataSkipped INDL - No data

Skipped RBLY - No data
Skipped ZTOP - No data
Skipped PFFV - No data
Skipped FMQQ - No dataSkipped FENI - No data

Skipped AIYY - No data
Skipped SMB - No data
Skipped HYFI - No data
Skipped GMMF - No dataSkipped IEFA - No data

Skipped PMMY - No data
Skipped SMUP - No data
Skipped IBID - No data
Skipped HNDL - No data
Skipped XYLD - No dataSkipped TMSL - No data

Skipped YOLO - No data
Skipped PREF - No data
Skipped OCTJ - No data
Skipped AVL - No data
Skipped PYZ - No data
Skipped NOEQ - No data
Skipped FLJJ - No data
Skipped IDLV - No data
Skipped RCGE - No data
Skipped DJUL - No data
Skipped FIGB - No dataSkipped PULS - No data

Skipped TBF - No data
Skipped BASG - No data
Skipped RWLC - No data
Skipped GURU - No data
Skipped GBUG - No data
Skipped IIGD - No data
Skipped MADE - No data
Skipped CSHP - No data
Skipped FEUZ - No data
Skipped CEPI - No data
Skipped AIVC - No data
Skipped IEV - No data
Skipped FEMB - No data
HTTP Error 401: {"finance":{"result":null,"error":{"code":"Unauthorized","description":"Invalid Crumb"}}}
Skipped SNXX - No data
Skipped DDFN - No data
Skipped QARP - No data
Skipped JPEF - No data
Skipped QBUF - No data
Skipped DNL - No data
Skipped GMAY - No data
Skipped PSCH - No data
Skipped DON - No data
Skipped PSCC - No data
Skipped PCIG - No data
Skipped RISN - No data
Skipped DFUV - No data
Skipped PBNV - No data
Skipped SAA - No data
Skipped EVUS - No data
Skipped GLOF - No data
Skipped WISE - No data
Skipped EDGE - No data
Skipped IYK - No data
Skipped JDST - No data
Skipped LLDR - No data
Skipped DCRE - No data
Skipped HYMB - No data
Skipped CBXJ - No data
Skipped GLXU - No data
Skipped FGDL - No data
Skipped EPMB - No data
Skipped DMBS - No data
Skipped EMSF - No data
Skipped MTRA - No data
Skipped MBB - No data
Skipped KOKU - No data
Skipped SMZ - No data
Skipped IEDI - No data
Skipped GLL - No data
Skipped ASHR - No data
Skipped MARW - No dataSkipped WWJD - No data

Skipped TAXE - No data
Skipped EAOM - No data
Skipped RMNY - No data
Skipped RXD - No data
Skipped GCOR - No data
Skipped BSJU - No data
Skipped LFGY - No data
Skipped SDEM - No data
Skipped ETHE - No dataSkipped LIAU - No data

Skipped PBP - No data
Skipped GENZ - No data
Skipped GRIN - No data
Skipped RINT - No data
Skipped DGIN - No data
Skipped TLTP - No dataSkipped PTRB - No data

Skipped MAPP - No data
Skipped ZSL - No data
Skipped FDCF - No data
Skipped NUSB - No data
Skipped RWO - No data
Skipped MAYU - No data
Skipped PCGG - No data
Skipped INDS - No data
Skipped GRPM - No data
Skipped MCDS - No data
Skipped LRGC - No data
Skipped IWFL - No dataSkipped DIAL - No data

Skipped NOCT - No dataSkipped BAMA - No data

Skipped SEPM - No data
Skipped BOBP - No data
Skipped FEGE - No data
Skipped NBFC - No data
Skipped DBEU - No data
Skipped EPS - No data
Skipped QCMD - No data
Skipped YANG - No data
Skipped INFL - No data
Skipped RND - No data
Skipped SMAX - No data
Skipped DDTO - No data
Skipped GSJY - No dataSkipped DFIC - No data

Skipped NDOW - No data
Skipped FLCV - No data
Skipped ILIT - No data
Skipped SURE - No data
Skipped AMDD - No data
Skipped NFRA - No data
Skipped GEW - No data
Skipped SMYY - No data
Skipped SLVR - No data
Skipped TRUD - No data
Skipped EDGF - No data
Skipped IMOM - No data
Skipped ISWN - No data
Skipped PLTZ - No data
Skipped JPRE - No data
Skipped RTXG - No data
Skipped CATF - No data
Skipped HEEM - No data
Skipped FLGB - No dataSkipped PCY - No data

Skipped PHO - No data
Skipped EMCR - No data
Skipped BOEU - No data
Skipped KAT - No data
Skipped KNO - No data
Skipped YNOT - No data
Skipped GDEC - No data
Skipped JHCP - No data
Skipped SLYV - No dataSkipped TXUE - No data

Skipped FYEE - No data
Skipped KOCT - No data
Skipped PXE - No data
Skipped CWS - No data
Skipped BSCY - No data
Skipped NETG - No data
Skipped SMAY - No data
Skipped ESGG - No data
Skipped GROZ - No data
Skipped SUIS - No data
Skipped HFSP - No data
Skipped SUPL - No data
Skipped HYSD - No data
Skipped PLUL - No data
Skipped PJFG - No data
Skipped IVES - No data
HTTP Error 401: {"finance":{"result":null,"error":{"code":"Unauthorized","description":"Invalid Crumb"}}}
Skipped GVLU - No data
Skipped BSCU - No data
Skipped NULG - No data
Skipped MUD - No data
Skipped PMAU - No dataSkipped BUCK - No data

Skipped MDIV - No data
Skipped ERX - No data
Skipped SUSC - No data
Skipped SEPP - No data
Skipped GSOL - No data
Skipped IGE - No data
Skipped OBIL - No data
Skipped JEPQ - No data
Skipped MOTG - No data
Skipped JPSV - No data
Skipped LOTI - No data
Skipped EWK - No data
Skipped YDEC - No data
Skipped HF - No data
Skipped XDQQ - No data
HTTP Error 401: {"finance":{"result":null,"error":{"code":"Unauthorized","description":"Invalid Crumb"}}}
Skipped YXI - No data
Skipped GOOP - No data
Skipped DARP - No data
Skipped PBRG - No data
Skipped ITDC - No data
Skipped ETHD - No data
Skipped FCBD - No data
Skipped FLBR - No data
Skipped MTYY - No data
Skipped KORP - No data
Skipped NXTE - No data
Skipped RGTX - No data
Skipped PWZ - No data
Skipped BBSC - No data
Skipped BCI - No data
Skipped TYD - No data
Skipped BSJW - No data
Skipped DAPR - No data
Skipped TPOR - No data
Skipped DRGN - No data
Skipped BFJL - No data
Skipped NTSI - No dataSkipped FLUD - No data

Skipped SLDR - No data
Skipped ISRA - No data
Skipped BIL - No data
Skipped SMMU - No data
Skipped HBTA - No data
Skipped ROMO - No data
Skipped DDTD - No data
Skipped BINC - No data
Skipped LSAT - No data
Skipped ARMY - No data
Skipped YQQQ - No data
Skipped FDIS - No data
Skipped ENHI - No data
Skipped EZJ - No data
Skipped REIT - No data
Skipped GAA - No data
Skipped GOP - No data
Skipped FDMO - No data
Skipped EZPZ - No data
Skipped IBHG - No data
Skipped NOBL - No data
Skipped SIXP - No data
Skipped HEAL - No data
Skipped FFLV - No data
Skipped DDX - No data
Skipped JSMD - No data
Skipped DIVS - No data
Skipped FAS - No data
Skipped FGSI - No data
HTTP Error 401: {"finance":{"result":null,"error":{"code":"Unauthorized","description":"Invalid Crumb"}}}
Skipped OCTP - No data
Skipped EFG - No data
Skipped ETHB - No data
Skipped XUDV - No data
Skipped TOAK - No data
Skipped CCEF - No data
Skipped PWB - No data
Skipped GSWO - No data
Skipped BBIB - No data
Skipped TBUX - No data
Skipped IVV - No dataSkipped EGGS - No data

Skipped GPTY - No data
Skipped GARY - No data
Skipped JANJ - No dataSkipped EJUL - No data

Skipped XPND - No data
Skipped BFRZ - No data
Skipped ROBT - No data
Skipped IGCB - No data
Skipped RVNU - No data
Skipped SLX - No data
Skipped ZMAR - No data
Skipped FFEM - No data
Skipped IGEB - No data
Skipped NUGO - No data
Skipped DCOR - No data
Skipped EWU - No dataSkipped WTMY - No data

Skipped FLDB - No data
Skipped XBFR - No data
Skipped FDL - No data
Skipped FFDI - No data
Skipped TMV - No data
Skipped XOEX - No data
Skipped GABF - No data
Skipped AVSU - No data
Skipped DRIP - No data
Skipped XTEN - No data
Skipped YFYA - No data
Skipped JNK - No data
Skipped AVIV - No data
Skipped GYLD - No data
Skipped TMDV - No data
Skipped IVVM - No data
Skipped BEDZ - No data
Skipped PMFB - No data
Skipped FLYU - No data
Skipped CDIG - No data
Skipped PJUN - No data
Skipped KNGZ - No data
Skipped ZJUL - No dataSkipped SHYL - No data

Skipped IBGK - No data
Skipped AUGZ - No data
Skipped IBDT - No data
Skipped AMZY - No data
Skipped PFIX - No data
Skipped IDOG - No data
Skipped BBC - No data
Skipped TIPZ - No data
Skipped WOMN - No data
Skipped DECP - No data
Skipped FCEF - No data
Skipped EEMS - No data
Skipped LEUX - No data
Skipped IEZ - No data
Skipped AUSF - No data
Skipped GAUG - No dataSkipped XBIL - No data

Skipped QCJL - No data
Skipped ENDW - No data
Skipped BSCZ - No data
Skipped IBIE - No data
Skipped KDEC - No data
Skipped URNJ - No data
Skipped RFG - No data
Skipped BRES - No data
Skipped XSHD - No data
Skipped AQLT - No data
Skipped BNGE - No data
Skipped HEQT - No data
Skipped XQQI - No data
Skipped LBO - No data
Skipped WSML - No data
Skipped SLTY - No data
Skipped ASTX - No data
Skipped LCDS - No data
Skipped SIVR - No data
Skipped IJAN - No data
Skipped MAGY - No data
Skipped ZMUN - No data
Skipped FMAY - No data
Skipped ITDG - No data
Skipped YINN - No data
Skipped XDSQ - No data
HTTP Error 401: {"finance":{"result":null,"error":{"code":"Unauthorized","description":"Invalid Crumb"}}}
Skipped FEIG - No data
Skipped PBEU - No data
Skipped XDEC - No data
Skipped NBCM - No data
Skipped BMVP - No data
Skipped JGRO - No data
Skipped IGGY - No data
Skipped IXUS - No data
Skipped GUSE - No data
Skipped ELM - No data
Skipped KOID - No data
Skipped XRPT - No data
Skipped IYLD - No data
Skipped IBII - No dataSkipped RNRG - No data

Skipped JANP - No data
Skipped LFDR - No data
Skipped XIDE - No data
Skipped BBYY - No data
Skipped XRP - No data
Skipped ASCI - No data
Skipped RNTY - No data
Skipped JDVL - No data
Skipped PFI - No data
Skipped SIXA - No data
Skipped TSYX - No data
Skipped PCI - No data
Skipped IBIJ - No dataSkipped EVIM - No data

Skipped JHMB - No data
Skipped AIVL - No data
Skipped FIXP - No data
Skipped TLTX - No data
Skipped DBO - No data
Skipped BILD - No data
Skipped ZTEN - No data
Skipped ASGM - No data
Skipped KLMT - No data
Skipped FJUL - No data
Skipped XHE - No data
Skipped SKYY - No data
Skipped XTR - No data
Skipped NVDQ - No data
Skipped DECU - No data
Skipped ARCM - No data
Skipped TLTI - No data
Skipped BASV - No data
Skipped FLHY - No data
Skipped GPIX - No data
Skipped NVBW - No data
Skipped BPAY - No data
Skipped JPST - No data
Skipped KLIP - No data
Skipped NRES - No data
Skipped CAOS - No data
Skipped TSMX - No data
Skipped IBTG - No data
Skipped SCLZ - No data
Skipped IBOT - No data
Skipped LOCT - No data
Skipped TIPA - No data
Skipped ECON - No data
Skipped IXP - No data
Skipped LGH - No data
Skipped FDRR - No data
Skipped HCOW - No data
Skipped AOCT - No data
Skipped TBFC - No data
Skipped RZG - No data
Skipped GLIN - No data
Skipped XFEB - No data
Skipped IDUB - No data
Skipped PLTD - No data
Skipped RSPN - No data
Skipped NUSA - No data
Skipped IBHL - No data
Skipped JHPI - No data
Skipped SCHR - No data
Skipped GSKH - No data
Skipped NRGU - No data
Skipped SEPU - No data
Skipped FFGX - No data
Skipped ESPO - No data
Skipped KBE - No data
Skipped RSPE - No dataSkipped BEDY - No data

Skipped HAUZ - No data
Skipped GDXY - No data
Skipped BCCC - No data
Skipped FFLS - No data
Skipped PRFZ - No data
Skipped LDRH - No data
Skipped BAFE - No data
Skipped FLJH - No data
Skipped TOK - No dataSkipped EMDM - No data

Skipped EMCS - No data
Skipped AVNV - No data
Skipped IWMI - No data
Skipped STXE - No data
Skipped OARK - No data
Skipped FCG - No data
Skipped NTSE - No data
Skipped RAYJ - No data
Skipped JHMD - No data
Skipped LONZ - No data
Skipped BBMC - No data
Skipped IDVZ - No data
Skipped SCHG - No dataSkipped XCEM - No data

Skipped NFLT - No data
Skipped SMOT - No data
Skipped RDOG - No data
Skipped XC - No data
Skipped FLMX - No data
Skipped ZTAX - No data
Skipped PCR - No data
Skipped PBL - No data
Skipped SDS - No data
Skipped YCL - No data
Skipped ASMG - No data
Skipped EGGQ - No data
Skipped STXD - No data
Skipped EGGY - No data
Skipped IDYN - No data
Skipped XLUI - No data
Skipped FMAG - No data
Skipped ECML - No data
Skipped CEFS - No data
Skipped KBWB - No data
Skipped ATFV - No data
Skipped DIV - No data
Skipped ASLV - No data
Skipped SMCZ - No dataSkipped IYRI - No data

Skipped BBAG - No data
Skipped TOPW - No data
Skipped GLNK - No data
Skipped FDD - No data
Skipped NBGX - No data
Skipped IJUL - No data
Skipped LDEM - No data
Skipped SMN - No data
Skipped ILOW - No data
Skipped ARB - No data
Skipped HFGO - No data
Skipped FCXG - No data
Skipped GBND - No data
Skipped AMUU - No data
Skipped ZECP - No data
Skipped LJUL - No dataSkipped RUNN - No data

Skipped GENM - No data
Skipped JFLI - No data
Skipped RFDI - No data
Skipped IWR - No data
Skipped MAVF - No data
Skipped FLMI - No data
Skipped JHEM - No data
Skipped NLR - No data
Skipped LITX - No data
Skipped BEG - No data
Skipped QBTZ - No data
Skipped APRP - No data
Skipped FHDG - No data
HTTP Error 401: {"finance":{"result":null,"error":{"code":"Unauthorized","description":"Invalid Crumb"}}}
Skipped TCAL - No data
Skipped JPXN - No data
Skipped IBMT - No data
Skipped GMEU - No dataSkipped HYBX - No data
Skipped GPIQ - No data

Skipped BSJS - No data
Skipped GNMA - No data
Skipped DOG - No data
Skipped BTRN - No data
Skipped UAPR - No data
Skipped JEMB - No data
Skipped APLZ - No data
Skipped ILF - No data
Skipped USOI - No data
Skipped PKW - No data
Skipped DCMT - No data
Skipped IGBH - No data
Skipped STBF - No data
Skipped XNOV - No data
Skipped TVAL - No data
Skipped CARU - No data
Skipped SMLF - No data
Skipped IYH - No data
Skipped LALT - No data
Skipped BUFS - No data
Skipped KGRN - No data
Skipped JUCY - No data
Skipped IGF - No data
Skipped XMAY - No data
Skipped BGDV - No data
Skipped NEWZ - No data
Skipped SNTH - No data
Skipped KTUP - No data
Skipped SAMM - No data
Skipped EQTY - No data
Skipped RAVI - No data
Skipped APRT - No data
Skipped TSMZ - No data
Skipped HMYY - No data
Skipped PFM - No data
Skipped SAMT - No data
Skipped DDTL - No data
Skipped AUGM - No data
Skipped MARU - No data
Skipped EUM - No data
Skipped XTJA - No data
Skipped JHMU - No dataSkipped IWS - No data

Skipped TYO - No data
Skipped FDIQ - No data
Skipped RFEM - No data
Skipped TRBF - No data
Skipped JANT - No data
Skipped RWX - No data
Skipped XOMX - No data
Skipped TSMY - No data
Skipped CDC - No data
Skipped CSHI - No data
Skipped SNOU - No data
Skipped XMVM - No data
Skipped EIRL - No data
Skipped DIVB - No data
Skipped XXX - No dataSkipped XCNY - No data

Skipped SMIN - No data
Skipped AMZZ - No data
Skipped NODE - No data
Skipped EMHC - No dataSkipped HIBS - No data

Skipped XOCT - No data
Skipped RSPD - No data
Skipped BDEC - No data
Skipped STHH - No data
Skipped DIM - No data
Skipped JMID - No data
Skipped USCI - No data
Skipped KNG - No data
Skipped OAKI - No data
Skipped RWIN - No data
Skipped DDFD - No data
Skipped IJK - No data
Skipped EQLT - No data
Skipped MTUL - No data
Skipped INDE - No data
Skipped JBBB - No data
Skipped DFNL - No data
Skipped TCPB - No data
Skipped FLCB - No data
Skipped XJUL - No data
Skipped TSYY - No data
Skipped DDTA - No data
Skipped BTC - No data
Skipped POCT - No data
Skipped FAZ - No data
Skipped FLEE - No data
Skipped USD - No data
Skipped BETH - No data
Skipped FLRT - No data
Skipped GRW - No data
Skipped HEFA - No data
Skipped FLTB - No data
Skipped EBIZ - No data
Skipped DBA - No data
Skipped AZYY - No data
Skipped PBOG - No data
Skipped FLSA - No data
Skipped EFV - No data
Skipped IUSG - No data
Skipped BOAT - No data
Skipped NFEB - No data
Skipped HIDV - No data
Skipped FLBL - No data
Skipped HBDC - No data
Skipped TMFS - No data
Skipped JHLN - No data
Skipped XB - No data
Skipped ZJAN - No data
Skipped BAMY - No data
Skipped IBND - No dataSkipped SCJ - No data

Skipped JANU - No data
Skipped EWO - No data
Skipped LAPR - No data
Skipped BSJT - No data
Skipped EBND - No data
Skipped FDFF - No data
Skipped BDGS - No data
Skipped DKNX - No dataSkipped GTIP - No data
Skipped RKNG - No data

Skipped FMF - No data
Skipped LQAI - No data
Skipped ASMH - No data
Skipped GLTR - No data
Skipped OASC - No data
Skipped PDN - No data
Skipped AMZU - No data
Skipped KMID - No data
Skipped EPI - No data
Skipped DECT - No data
Skipped SNSR - No data
Skipped USCA - No data
Skipped CRMX - No data
Skipped IBDR - No data
Skipped REET - No data
Skipped FAUG - No data
Skipped RECS - No data
Skipped ASMF - No data
Skipped TOT - No data
Skipped TCHI - No dataSkipped KNOV - No data

Skipped JBND - No data
Skipped IUS - No data
Skipped IFGL - No data
Skipped BALI - No data
Skipped LRND - No data
Skipped DRUP - No data
Skipped FIAX - No data
Skipped KAUG - No data
Skipped IGME - No data
Skipped PBDE - No data
Skipped TUGN - No data
Skipped EMTL - No data
Skipped USFR - No data
Skipped FLAG - No data
Skipped LLYX - No data
Skipped PIEQ - No data
Skipped HEWJ - No data
Skipped MARO - No data
Skipped IBGC - No data
Skipped HAUS - No data
Skipped OCIO - No data
Skipped BBLU - No data
Skipped KBFR - No data
Skipped CAPE - No data
Skipped SKYU - No data
Skipped WEEI - No data
Skipped AMZD - No data
Skipped EWP - No data
Skipped EZET - No data
Skipped IYM - No data
Skipped KOLD - No data
Skipped ZMAY - No data
Skipped ASMU - No data
Skipped LOWV - No data
Skipped AMDG - No data
Skipped TDAQ - No data
Skipped DNOV - No data
Skipped GXPS - No data
Skipped PMJL - No data
Skipped BBSB - No data
Skipped IAPR - No data
Skipped SJLD - No data
Skipped CGCP - No data
Skipped BSCV - No data
Skipped IBDW - No data
Skipped EWI - No data
Skipped TNA - No data
Skipped MDEV - No data
Skipped SEPZ - No data
Skipped DGRS - No data
Skipped MSSS - No data
Skipped NVDS - No data
Skipped XTOC - No data
Skipped CBLS - No data
Skipped LBAY - No data
Skipped JEPI - No data
Skipped USAX - No data
Skipped TLH - No data
Skipped TWM - No data
Skipped EKG - No data
Skipped FEM - No data
Skipped SIFI - No data
Skipped NHYM - No data
Skipped SMTH - No data
Skipped RSPG - No data
Skipped DDFF - No data
Skipped GMNY - No data
Skipped MSFD - No data
Skipped EBI - No data
Skipped BINT - No data
Skipped BNDS - No data
Skipped WIMA - No data
Skipped AVES - No data
Skipped TXXI - No data
Skipped EWZ - No data
Skipped GRN - No data
Skipped XMAG - No data
Skipped EINC - No data
Skipped FDRS - No data
Skipped BTCO - No data
Skipped XSW - No data
Skipped DIVE - No data
Skipped FIIG - No data
Skipped ETU - No data
Skipped SDOG - No data
Skipped TAOZ - No data
Skipped JMEE - No data
Skipped EMB - No data
Skipped TSEC - No data
Skipped XOP - No data
Skipped CZA - No data
Skipped TDAX - No data
Skipped THYP - No data
Skipped DIG - No data
Skipped SNAG - No data
Skipped BAUG - No data
Skipped WTBN - No data
Skipped URTH - No data
Skipped DGT - No data
Skipped JAJL - No data
Skipped SECR - No data
Skipped PCCE - No data
Skipped FBND - No data
Skipped SMDX - No data
Skipped FEUS - No data
Skipped HYBB - No data
Skipped LQDH - No data
Skipped SLYG - No data
Skipped EDGU - No data
Skipped POWR - No data
Skipped IJUN - No data
Skipped SDVY - No data
Skipped IAI - No data
Skipped ETHT - No data
Skipped IALT - No data
Skipped FDLO - No data
Skipped TMH - No data
Skipped SOFA - No dataSkipped TIPD - No data

Skipped EVSM - No data
Skipped SLON - No data
Skipped IHY - No data
Skipped FEZ - No data
Skipped MAYM - No data
Skipped KCAI - No data
Skipped ETHV - No data
Skipped RGLO - No data
Skipped AVMV - No data
Skipped LITL - No data
Skipped EMXF - No data
Skipped XEML - No data
Skipped JXI - No data
Skipped DIVY - No data
Skipped EET - No data
Skipped HTAX - No data
Skipped IBDU - No data
Skipped IAT - No data
Skipped SEIV - No data
Skipped WINN - No data
Skipped IWX - No data
Skipped IHDG - No data
Skipped DGRE - No data
Skipped GNOV - No dataSkipped PY - No data

Skipped BBIN - No data
Skipped GPRF - No dataSkipped RSPM - No data

Skipped IWFG - No data
Skipped EMGF - No data
Skipped XJR - No data
Skipped YMAG - No data
Skipped JHCR - No data
Skipped EWH - No data
Skipped PLYY - No data
Skipped JULW - No data
Skipped XLVI - No data
Skipped DLS - No data
Skipped BAR - No data
Skipped GTO - No data
Skipped DLN - No data
Skipped RVNL - No data
Skipped HGER - No data
Skipped BSSX - No data
Skipped SCIO - No data
Skipped HSCZ - No data
Skipped PJBF - No data
Skipped IDVY - No data
Skipped SSXU - No data
Skipped FCVT - No data
Skipped IDU - No data
Skipped IXG - No data
Skipped CARK - No data
Skipped WSGE - No data
Skipped TBFG - No data
Skipped HIDE - No data
Skipped BAIV - No data
Skipped BTGD - No data
Skipped GVAL - No data
Skipped LFAW - No data
Skipped HYTR - No dataSkipped BUFX - No data

Skipped EFAS - No data
Skipped SEIQ - No data
Skipped LTPZ - No data
Skipped IYC - No data
Skipped XJAN - No data
Skipped FBYY - No data
Skipped NXTI - No data
Skipped RNEM - No data
Skipped SCHY - No data
Skipped ALRG - No data
Skipped JADE - No data
Skipped BBCB - No data
Skipped DDFA - No dataSkipped XXRP - No data

Skipped BUFY - No data
Skipped SCHI - No data
Skipped GDLC - No data
Skipped HIGH - No data
Skipped DEED - No data
Skipped UCON - No data
Skipped DRN - No data
Skipped KWT - No data
Skipped EWY - No data
Skipped JULM - No data
Skipped EDV - No data
Skipped RPG - No data
Skipped TMFG - No data
Skipped GSC - No data
Skipped LSEQ - No data
Skipped PEY - No data
Skipped EMET - No data
Skipped DBC - No data
Skipped GRAG - No data
Skipped EPSB - No data
Skipped EWC - No data
Skipped MART - No data
Skipped IWML - No data
Skipped TCAN - No data
Skipped DAT - No data
Skipped CFA - No data
Skipped TMSF - No data
Skipped XDEF - No data
Skipped CFIT - No data
Skipped ANEL - No data
Skipped FLSW - No data
Skipped SFY - No data
HTTP Error 401: {"finance":{"result":null,"error":{"code":"Unauthorized","description":"Invalid Crumb"}}}
Skipped LDRC - No data
Skipped ARMG - No data
Skipped PCHI - No data
Skipped AVXC - No data
Skipped DDIV - No data
Skipped WGMI - No data
Skipped AVUS - No data
Skipped PRXG - No data
Skipped GAVA - No data
Skipped BTAL - No data
Skipped SIXL - No data
Skipped JHAI - No data
Skipped IBFR - No data
Skipped IYF - No data
Skipped GDXU - No data
Skipped TQQY - No data
Skipped IXC - No data
Skipped JABS - No data
Skipped JHCB - No data
Skipped ROCQ - No data
Skipped JHML - No data
Skipped BSMS - No data
Skipped TCAI - No data
Skipped PEVC - No data
Skipped TMFE - No data
Skipped KLAG - No data
Skipped XLFI - No dataSkipped NFTY - No data

Skipped FFOG - No data
Skipped NHYB - No data
Skipped EFRA - No data
Skipped KXI - No data
Skipped HERO - No data
Skipped EVMO - No data
Skipped DJIA - No data
Skipped DGLO - No data
Skipped AVEE - No data
Skipped IGLD - No data
Skipped DRV - No data
Skipped ALLW - No data
Skipped MSFO - No data
Skipped MRNY - No data
Skipped TAGS - No data
Skipped CEF - No data
Skipped CEFA - No data
Skipped TKNS - No data
Skipped DINT - No data
Skipped EAPR - No data
Skipped PDP - No data
Skipped PBPH - No data
Skipped XBTY - No data
Skipped SSUS - No data
Skipped RSSY - No data
Skipped IYW - No data
Skipped USML - No data
Skipped NVOX - No data
Skipped AVLV - No data
Skipped WTPI - No dataSkipped GQQQ - No data

Skipped HTEC - No dataSkipped FELC - No data

Skipped TAFL - No data
Skipped HFXI - No data
Skipped BSMY - No data
Skipped GNR - No data
Skipped FAPR - No data
Skipped SJB - No data
Skipped MBSD - No data
Skipped CZAR - No data
Skipped BSMR - No data
Skipped EWJV - No data
Skipped EMNT - No data
Skipped IBIK - No data
Skipped FEAC - No data
Skipped DMAY - No data
Skipped APIE - No data
Skipped ZAPR - No data
Skipped TXXD - No data
Skipped ETCO - No data
Skipped AVLC - No data
Skipped ELD - No data
Skipped BMOP - No data
Skipped EMLC - No data
Skipped FLTR - No data
Skipped TINT - No data
Skipped AVMA - No data
Skipped LQDB - No data
Skipped MSFU - No data
Skipped NFLY - No data
Skipped FIDU - No data
Skipped NDEC - No data
Skipped EDGI - No data
Skipped SUSA - No data
Skipped FBOT - No data
Skipped FESM - No data
Skipped DSMC - No data
Skipped JSCP - No data
Skipped FFTY - No data
Skipped MSFW - No data
Skipped XTAP - No data
Skipped IJS - No data
Skipped PZT - No data
Skipped ENHU - No data
Skipped GSST - No data
Skipped JPEM - No dataSkipped RDTY - No dataSkipped NBOS - No data


Skipped CRWG - No data
Skipped BITB - No data
Skipped TBX - No data
Skipped AVGU - No dataSkipped SLJY - No data

Skipped APRZ - No data
Skipped JANH - No data
Skipped DDTS - No data
Skipped CGBL - No data
Skipped SJCP - No dataSkipped EUDG - No data

Skipped FYC - No data
Skipped EZU - No data
Skipped TUA - No data
Skipped EUSA - No data
Skipped PMMR - No data
Skipped PXJ - No data
Skipped GVLE - No data
Skipped RTAI - No data
Skipped LKOR - No data
Skipped DIEM - No data
Skipped EWX - No data
Skipped PPH - No data
Skipped IBDZ - No data
Skipped MUNA - No data
Skipped EFAA - No data
Skipped AMYY - No data
Skipped DFLV - No data
Skipped WULX - No data
Skipped IJJ - No data
Skipped TDEC - No data
Skipped IBIT - No data
Skipped CWEB - No data
Skipped USIN - No data
Skipped XTL - No dataSkipped JEDI - No data

Skipped BDRY - No data
Skipped NVYY - No data
Skipped DDSQ - No data
Skipped GCC - No dataSkipped BNDD - No data

Skipped BOIL - No data
Skipped ASCE - No data
Skipped SEIM - No data
Skipped GBIL - No dataSkipped EAOR - No data

Skipped NFLP - No data
Skipped LEAD - No data
Skipped FXY - No data
Skipped FFOX - No data
Skipped SSPY - No data
Skipped LSGR - No data
Skipped KIQQ - No data
Skipped HFGM - No data
Skipped FBCG - No data
HTTP Error 401: {"finance":{"result":null,"error":{"code":"Unauthorized","description":"Invalid Crumb"}}}
Skipped PRXV - No data
Skipped ARTY - No data
Skipped FHYS - No data
Skipped SELV - No data
Skipped LCAP - No data
Skipped GOCT - No data
Skipped RISR - No data
Skipped BCFN - No data
Skipped IVE - No data
Skipped TINY - No data
Skipped NXTG - No data
Skipped RB - No data
Skipped LRNZ - No data
Skipped QCML - No data
Skipped NVIR - No data
Skipped LABX - No data
Skipped LDUR - No data
Skipped DIVZ - No data
Skipped IGTR - No data
Skipped PSC - No data
Skipped SEMY - No data
Skipped EWZS - No data
Skipped SIZE - No data
Skipped SETH - No data
Skipped RVER - No data
Skipped AIVI - No data
Skipped JPUS - No data
Skipped DOGG - No data
Skipped GTOS - No data
Skipped RLY - No data
Skipped DRAY - No data
Skipped WZRD - No data
Skipped TLCI - No data
Skipped BREM - No data
Skipped XPEG - No data
Skipped MBS - No data
Skipped GPZ - No data
Skipped NVDL - No data
Skipped NUDV - No data
Skipped DMXF - No data
Skipped PMJN - No data
Skipped FMCX - No data
Skipped HERD - No data
Skipped FCFY - No data
Skipped ETHU - No data
Skipped JCPB - No data
Skipped PGRO - No data
Skipped GQI - No data
Skipped TWOX - No data
Skipped GPT - No data
Skipped EMTY - No data
Skipped DDLS - No data
Skipped TRIO - No data
Skipped NEBX - No data
Skipped IGM - No data
Skipped MULL - No data
Skipped XSMO - No data
Skipped MBSF - No data
Skipped BBP - No data
Skipped NSI - No data
Skipped NDIV - No data
Skipped GREK - No data
Skipped REGL - No data
Skipped JMHI - No data
Skipped FLOT - No dataSkipped XLSR - No data

Skipped EWL - No data
Skipped YETH - No data
Skipped JIG - No data
Skipped EWT - No data
Skipped LIFT - No data
Skipped TSMG - No data
Skipped SCOW - No data
Skipped JIVE - No data
Skipped XMLV - No data
Skipped SEMG - No data
Skipped ROCY - No data
Skipped IHI - No data
Skipped FCUS - No data
Skipped XIDV - No data
Skipped NUBD - No data
Skipped FCTR - No data
Skipped STCE - No data
Skipped GENT - No data
Skipped TBT - No data
Skipped SCHJ - No data
Skipped LVHD - No data
Skipped MCOW - No data
Skipped DFIV - No data
Skipped IWLG - No data
Skipped IHE - No data
Skipped IAGG - No data
Skipped ARLU - No data
Skipped FLIN - No data
Skipped BRAZ - No data
Skipped FDNI - No data
Skipped BCUS - No data
Skipped JOBX - No data
Skipped URNM - No data
Skipped SMCL - No data
Skipped TSPY - No data
Skipped ATMP - No data
Skipped NEMG - No data
Skipped QABA - No data
Skipped XLKI - No dataSkipped LFBE - No data

Skipped PIT - No data
Skipped CRSH - No data
Skipped FEBP - No data
Skipped SMCY - No dataSkipped DABS - No data

Skipped XMPT - No data
Skipped XVV - No data
Skipped IBMQ - No data
Skipped GOOX - No data
Skipped EMCB - No data
Skipped XYZG - No data
Skipped BESF - No data
Skipped HDV - No data
Skipped YBTY - No data
Skipped CSB - No data
Skipped MTGP - No data
Skipped SCHF - No data
Skipped ITDJ - No data
Skipped IBDS - No data
Skipped BRIF - No data
Skipped IMST - No data
Skipped KMAR - No dataSkipped TNXT - No data

Skipped JUNP - No data
Skipped LVHI - No data
Skipped IXJ - No data
Skipped BBEM - No data
Skipped SGOL - No data
Skipped AOTG - No data
Skipped NDIA - No data
Skipped PRIV - No data
Skipped ZHDG - No data
Skipped RSST - No data
Skipped XSVN - No data
Skipped CWB - No data
Skipped IWL - No data
Skipped NFRX - No data
Skipped EPRF - No data
Skipped HARD - No data
Skipped BALT - No data
Skipped PEJ - No data
Skipped LTTI - No data
Skipped TMFC - No data
Skipped RAAA - No data
Skipped EASY - No data
Skipped HEQQ - No data
Skipped HCRB - No data
Skipped BTR - No data
Skipped EWQ - No data
Skipped HFEQ - No dataSkipped ISTB - No data

Skipped RFIX - No data
Skipped AJUL - No data
Skipped ILTB - No data
Skipped BPH - No data
Skipped EWM - No data
Skipped NSEP - No data
Skipped IVOV - No data
Skipped BSTP - No data
Skipped EVPF - No data
Skipped BGRN - No data
Skipped EIDO - No data
Skipped RSPU - No data
Skipped YBIT - No data
Skipped HMOP - No data
Skipped CARY - No dataSkipped PSCF - No data

Skipped HYLB - No data
Skipped CARD - No data
Skipped BSJX - No data
Skipped KRBN - No data
Skipped NURE - No data
Skipped BOXX - No data
Skipped XMAR - No data
Skipped PMMF - No data
Skipped HDGE - No dataSkipped DAX - No data

Skipped HBR - No data
Skipped IBGL - No data
Skipped QCMU - No data
Skipped BTF - No data
Skipped BBBS - No data
Skipped HQGO - No data
Skipped SEMI - No data
Skipped IWDL - No data
Skipped TAGG - No data
Skipped GWX - No data
Skipped KMLI - No data
Skipped YALL - No data
Skipped BBLB - No dataSkipped BRF - No data

Skipped RZV - No data
Skipped FDIV - No data
Skipped QBUL - No data
Skipped KCE - No data
Skipped BIBL - No dataSkipped BAI - No data

Skipped KDVD - No data
Skipped RBLD - No data
Skipped YMAR - No data
Skipped USMC - No data
Skipped FLAU - No data
Skipped BCTK - No data
Skipped BENJ - No data
Skipped USG - No data
Skipped TJUN - No data
Skipped CBXY - No data
Skipped NPFI - No data
Skipped FLCO - No data
Skipped RBIL - No data
Skipped ZTWO - No data
Skipped USGG - No data
Skipped PXH - No data
Skipped TOPT - No data
Skipped GEVG - No data
Skipped FB - No data
Skipped EUO - No data
Skipped JDIV - No data
Skipped DOJE - No data
Skipped PFXF - No data
Skipped MSFL - No data
Skipped HOYY - No data
Skipped BIDG - No data
Skipped NERD - No data
Skipped PWS - No data
Skipped NUMI - No data
Skipped FYLD - No data
Skipped IYE - No data
Skipped NBFR - No data
Skipped NCLO - No data
Skipped HEGD - No data
HTTP Error 401: {"finance":{"result":null,"error":{"code":"Unauthorized","description":"Invalid Crumb"}}}
Skipped STOX - No data
Skipped GOVI - No data
Skipped DISV - No data
Skipped TZA - No dataSkipped GAPR - No data

Skipped HYDB - No data
Skipped SMCO - No data
Skipped PHYS - No data
Skipped AUGW - No data
Skipped HTRB - No data
Skipped NBIZ - No data
Skipped ITDD - No data
Skipped GQGU - No data
Skipped RNWZ - No data
Skipped GARP - No data
Skipped DDTN - No data
Skipped ARMH - No data
Skipped GEME - No data
Skipped FLTW - No data
Skipped NNOV - No data
Skipped ROBN - No data
HTTP Error 401: {"finance":{"result":null,"error":{"code":"Unauthorized","description":"User is unable to access this feature - https://bit.ly/yahoo-finance-api-feedback"}}}
Skipped GTOC - No data
HTTP Error 401: {"finance":{"result":null,"error":{"code":"Unauthorized","description":"Invalid Crumb"}}}
Skipped LVDS - No data
Skipped KOOL - No data
Skipped RW - No data
Skipped TAXM - No data
Skipped EZA - No data
HTTP Error 401: {"finance":{"result":null,"error":{"code":"Unauthorized","description":"Invalid Crumb"}}}
Skipped QBY - No data
Skipped GSID - No data
Skipped BNDP - No data
Skipped ROAM - No data
Skipped IBMR - No data
Skipped FICS - No data
Skipped IFLN - No data
Skipped LSAF - No data
Skipped DIPS - No data
Skipped NUKZ - No data
Skipped CRWU - No data
Skipped TLA - No data
Skipped TCHP - No data
HTTP Error 401: {"finance":{"result":null,"error":{"code":"Unauthorized","description":"Invalid Crumb"}}}
Skipped XOEF - No data
Skipped XPAY - No data
Skipped NIXT - No data
Skipped ELCV - No data
Skipped RILA - No data
Skipped MCHS - No data
Skipped FEPI - No data
Skipped BDVL - No data
Skipped NUGY - No dataSkipped HYDR - No data

Skipped LDRX - No data
HTTP Error 401: {"finance":{"result":null,"error":{"code":"Unauthorized","description":"User is unable to access this feature - https://bit.ly/yahoo-finance-api-feedback"}}}
Skipped IWY - No data
Skipped PRVS - No data
Skipped ELFY - No data
Skipped SEPT - No data
Skipped FDND - No data
Skipped XJH - No data
Skipped JANZ - No data
Skipped BILT - No data
Skipped BBCA - No data
Skipped SGDJ - No data
Skipped PBJN - No data
Skipped NVOH - No data
Skipped TOPC - No data
Skipped FHEQ - No data
Skipped XBCI - No dataSkipped DECO - No data

Skipped XFLX - No data
Skipped JOYT - No data
Skipped SKF - No data
Skipped REAI - No data
Skipped ZFEB - No data
Skipped PUI - No data
Skipped CATH - No data
Skipped SMLV - No data
Skipped JCPI - No data
Skipped KDEF - No data
Skipped FEBW - No data
Skipped FLAX - No data
Skipped FLJP - No data
Skipped HDMV - No data
Skipped PDDL - No data
Skipped TPLC - No data
Skipped RIET - No dataSkipped DLLL - No data

Skipped DSI - No data
Skipped RWJ - No data
Skipped JPME - No data
Skipped IBCA - No data
Skipped HECO - No data
Skipped USL - No data
Skipped INCO - No data
Skipped JSTC - No data
Skipped USE - No data
Skipped DFSU - No data
Skipped HOLA - No data
Skipped PCMM - No data
Skipped PYPG - No dataSkipped PJFM - No data

Skipped PFOE - No data
Skipped IGPT - No data
Skipped MOOD - No data
Skipped TLTE - No data
Skipped KNCT - No data
Skipped SLVO - No data
Skipped RFCI - No data
Skipped CEFD - No data
Skipped EUFN - No data
Skipped LNGX - No data
Skipped KCCA - No data
Skipped XRMI - No data
Skipped TMF - No data
Skipped GSIE - No data
Skipped RWK - No data
Skipped ILCG - No data
Skipped RWR - No data
Skipped TAXI - No data
Skipped LFSC - No data
Skipped JPHY - No data
Skipped NBDS - No data
Skipped GXPD - No data
Skipped APMU - No data
Skipped FLGR - No data
Skipped JMST - No data
Skipped SUPP - No data
Skipped HLAL - No data
Skipped KHYB - No data
Skipped ZSC - No dataSkipped NFXL - No data

Skipped EWUS - No data
Skipped TMFX - No data
Skipped TOLL - No data
Skipped JNUG - No data
Skipped JULT - No data
HTTP Error 401: {"finance":{"result":null,"error":{"code":"Unauthorized","description":"Invalid Crumb"}}}
Skipped ESGE - No data
Skipped IFV - No data
Skipped JPSE - No data
Skipped IMCB - No data
Skipped FEX - No data
Skipped IMRA - No data
Skipped FFUT - No data
Skipped HAP - No dataSkipped WTIU - No data

Skipped FCTE - No data
Skipped KSA - No data
Skipped USNZ - No data
Skipped DGZ - No data
Skipped KGLD - No data
Skipped RDYY - No data
Skipped XBJL - No data
Skipped EVYM - No dataSkipped GDIV - No data

Skipped YLDE - No data
Skipped XDTE - No data
Skipped TRUC - No data
Skipped FBTC - No data
Skipped FINT - No data
Skipped SAGP - No data
Skipped IBIF - No data
Skipped APRJ - No data
Skipped BBBL - No data
Skipped AMZW - No data
Skipped AVGX - No dataSkipped JSML - No data

Skipped BSJR - No data
Skipped YLD - No data
Skipped TTDU - No data
Skipped DBB - No data
Skipped FFSM - No data
Skipped SMHX - No data
Skipped YGLD - No data
Skipped DBND - No data
Skipped LMNX - No dataSkipped AMZP - No data

Skipped FISR - No data
Skipped FLCG - No data
Skipped XCCC - No data
Skipped PDBC - No data
Skipped BGRO - No data
Skipped DIME - No data
Skipped HYZD - No dataSkipped SMIZ - No data

Skipped ITM - No data
Skipped IVW - No data
Skipped MAGC - No data
Skipped AUGT - No data
Skipped RUSC - No data
Skipped YEAR - No data
Skipped SMDD - No data
Skipped FHLC - No data
Skipped MCHI - No data
Skipped GEMD - No data
Skipped UCO - No data
Skipped TPZ - No data
Skipped EVLN - No data
Skipped NVDU - No data
Skipped EDC - No data
Skipped MRAL - No data
Skipped HYHG - No data
Skipped FAD - No data
Skipped DDEC - No data
Skipped KROP - No data
Skipped HYD - No data
Skipped INCM - No data
Skipped BSJV - No data
Skipped XCLR - No dataSkipped SETM - No data

Skipped BAMV - No data
Skipped CDL - No dataSkipped RGTU - No data

Skipped ITDH - No data
Skipped NVBU - No data
Skipped XSOE - No data
Skipped TPLS - No dataSkipped FLEU - No data

Skipped MSTI - No data
Skipped TRFM - No data
Skipped EBIT - No data
Skipped PIE - No data
Skipped XTWY - No data
Skipped QCLR - No data
Skipped IBGB - No data
Skipped INEQ - No data
Skipped TXXS - No data
Skipped AVSE - No data
Skipped BSMC - No data
Skipped TXBC - No data
Skipped FLN - No data
Skipped SHYG - No data
Skipped PHYL - No data
Skipped XDAT - No data
Skipped SIJ - No data
Skipped MSTB - No data
Skipped TRPA - No data
Skipped ESUM - No data
Skipped SMCF - No dataSkipped EWW - No data

Skipped PPTY - No data
Skipped BCGD - No data
Skipped DNNG - No data
Skipped AOK - No data
Skipped BCD - No data
Skipped PDEC - No data
Skipped IVOL - No data
Skipped NVDD - No dataSkipped ESSC - No data

Skipped IBIL - No data
Skipped EMXC - No data
Skipped GMOV - No data
Skipped SEPW - No data
Skipped PWER - No data
Skipped QAT - No data
Skipped DSEP - No data
Skipped APRH - No data
Skipped RAFE - No data
Skipped ZAP - No data
Skipped KEMX - No data
Skipped EQL - No data
Skipped LFEQ - No data
Skipped PBE - No data
Skipped SFLR - No data
Skipped FDG - No data
Skipped HECA - No data
Skipped FDRV - No data
Skipped LYLD - No data
Skipped EETH - No data
Skipped PCFI - No data
Skipped LDSF - No data
Skipped XLII - No data
Skipped SDP - No data
Skipped SHYD - No data
Skipped FIVA - No data
Skipped PCLG - No data
Skipped LDRT - No data
Skipped FEOE - No data
Skipped BGIG - No data
Skipped DFNM - No data
Skipped SYFI - No data
Skipped GVUS - No data
HTTP Error 401: {"finance":{"result":null,"error":{"code":"Unauthorized","description":"Invalid Crumb"}}}
Skipped PPI - No data
Skipped XLG - No data
Skipped HAWX - No data
Skipped JPIE - No data
Skipped GOVT - No data
Skipped GSUI - No data
Skipped URE - No data
Skipped BSMZ - No data
Skipped GVIP - No data
Skipped DDWM - No data
Skipped XPH - No data
Skipped MULT - No data
Skipped TOLZ - No data
Skipped XRT - No data
Skipped YCS - No data
Skipped KRMA - No data
Skipped GXC - No data
Skipped RWEM - No data
Skipped INDY - No data
Skipped PHEQ - No data
Skipped BBRE - No data
Skipped IBD - No data
Skipped LFAI - No data
Skipped FNCL - No data
Skipped FEP - No data
Skipped CXSE - No data
Skipped FELG - No data
Skipped FLLA - No data
Skipped SDD - No data
Skipped FLMB - No data
Skipped APOC - No data
HTTP Error 401: {"finance":{"result":null,"error":{"code":"Unauthorized","description":"Invalid Crumb"}}}
Skipped PZA - No data
Skipped PBQQ - No data
Skipped PIFI - No data
Skipped OAKM - No data
Skipped FEDM - No data
Skipped IBGA - No data
Skipped KFEB - No data
Skipped NFXS - No data
Skipped EZRO - No data
Skipped IHF - No data
Skipped PGJ - No data
Skipped JGLO - No data
Skipped PJFV - No data
Skipped STAX - No data
Skipped LMBS - No data
Skipped WNTR - No data
Skipped QBER - No data
Skipped FXR - No data
Skipped BNKU - No data
Skipped SECT - No data
Skipped GCAD - No data
Skipped TMNL - No data
Skipped EMPB - No data
Skipped GOU - No data
Skipped JAAA - No data
Skipped GBHI - No data
Skipped HTUS - No data
Skipped ASEA - No data
Skipped TXS - No data
Skipped ALTL - No data
Skipped MAXI - No data
Skipped ARKB - No dataSkipped ASIA - No data

Skipped MANI - No data
Skipped MSLC - No data
Skipped AUGP - No data
Skipped PBJA - No data
Skipped GUNR - No data
Skipped KAPR - No data
Skipped TURF - No data
Skipped HYTI - No data
Skipped AUGU - No data
Skipped FLV - No data
Skipped XLEI - No data
Skipped NOVZ - No data
Skipped HWSM - No data
Skipped RBLU - No data
Skipped BBB - No data
Skipped MDLV - No data
Skipped SMST - No data
Skipped YOKE - No data
Skipped GEM - No dataSkipped SCHK - No data

Skipped EYEG - No data
Skipped DRLL - No data
HTTP Error 401: {"finance":{"result":null,"error":{"code":"Unauthorized","description":"Invalid Crumb"}}}
Skipped RSHO - No data
Skipped EFFI - No data
Skipped FCLD - No data
Skipped ESMV - No data
Skipped EEV - No data
Skipped LJAN - No data
HTTP Error 401: {"finance":{"result":null,"error":{"code":"Unauthorized","description":"Invalid Crumb"}}}
Skipped HYP - No data
Skipped TIPC - No data
Skipped MSFX - No data
Skipped SAPH - No data
Skipped NRSH - No data
Skipped LGDX - No data
Skipped RGTZ - No data
Skipped CDX - No data
Skipped EEMV - No data
Skipped LEMB - No dataSkipped EFFE - No data

Skipped XAIX - No data
Skipped INCE - No data
Skipped PRFD - No data
Skipped EMM - No data
Skipped TJUL - No data
Skipped ILS - No data
Skipped XAPR - No data
Skipped BTCZ - No data
Skipped JGRW - No data
Skipped CRWL - No data
Skipped DBMF - No data
Skipped BNKD - No data
Skipped NJAN - No data
Skipped RTRE - No data
Skipped IYT - No data
Skipped XHLF - No data
Skipped SCHV - No data
Skipped NJUN - No data
Skipped IWO - No data
Skipped SMCX - No data
Skipped EWN - No data
Skipped PBJL - No data
Skipped GOVZ - No data
Skipped DIVL - No data
Skipped FLCH - No data
Skipped PJIO - No data
Skipped PGHY - No data
Skipped STRN - No data
Skipped FMCE - No data
Skipped MBSX - No data
Skipped BRLN - No data
Skipped FDAT - No data
Skipped DBAW - No data
Skipped FBCV - No data
Skipped FFIU - No data
Skipped SMLL - No data
Skipped UBRL - No data
Skipped YBMN - No data
Skipped CBTA - No data
Skipped RTYY - No data
Skipped FELV - No data
Skipped GCOW - No data
Skipped JULH - No data
Skipped FEMS - No data
Skipped GSEE - No data
Skipped ECOW - No data
Skipped FBY - No data
HTTP Error 401: {"finance":{"result":null,"error":{"code":"Unauthorized","description":"Invalid Crumb"}}}
Skipped PBFR - No data
Skipped IGLB - No data
Skipped DDFO - No data
Skipped EEMO - No data
Skipped TMAR - No data
Skipped PFIG - No data
Skipped SDOW - No data
Skipped PSCE - No data
Skipped NORW - No data
Skipped OCTM - No data
Skipped PSCD - No data
Skipped JDOC - No data
Skipped IWF - No data
Skipped EVMT - No data
Skipped CERY - No data
Skipped RONB - No data
Skipped DOCT - No data
Skipped JANW - No data
Skipped MAGS - No data
Skipped NOVP - No data
Skipped PQJL - No data
Skipped PLTM - No data
Skipped AVIE - No data
Skipped TBG - No data
Skipped UBND - No data
Skipped KVLE - No data
Skipped EMIF - No data
Skipped DJP - No data
Skipped FAB - No data
Skipped FFLC - No data
Skipped DDTF - No data
Skipped DFVE - No data
Skipped JPIN - No data
Skipped KBWP - No data
Skipped FLYD - No dataSkipped LTCC - No data

Skipped STPZ - No data
Skipped FLIA - No data
Skipped TRFK - No dataSkipped JHID - No data

Skipped JDVI - No data
Skipped XYLG - No data
Skipped DFUS - No data
Skipped QB - No data
Skipped IWN - No data
Skipped IBMS - No data
Skipped JPY - No data
Skipped CEGX - No data
Skipped EVX - No data
Skipped SEF - No data
Skipped SYZ - No data
Skipped NTSX - No data
Skipped IVAL - No data
Skipped RSPS - No data
Skipped IWB - No data
Skipped HAIL - No data
Skipped ILCV - No data
Skipped BFOR - No data
Skipped AVSD - No data
Skipped KNRG - No data
Skipped HIMZ - No data
Skipped SUB - No data
Skipped HODL - No data
Skipped XRPI - No data
Skipped IYZ - No data
Skipped FLGV - No data
Skipped KSEP - No data
Skipped GSUS - No data
Skipped MAGG - No data
Skipped GBTC - No data
Skipped NVBT - No data
Skipped MPRO - No data
Skipped FJAN - No data
Skipped GEND - No data
Skipped BRKC - No data
Skipped IWV - No data
Skipped RXL - No data
Skipped PRAY - No data
Skipped WTRE - No data
Skipped MATE - No data
Skipped CBTJ - No data
Skipped JLQD - No data
Skipped XIMR - No data
Skipped EASG - No data
Skipped JMBS - No data
Skipped XLYI - No data
Skipped AOHY - No data
Skipped PBOC - No data
Skipped KNOW - No data
Skipped TPSC - No data
Skipped KWEB - No dataSkipped DFIS - No data

Skipped DIVI - No data
Skipped RFDA - No data
Skipped IDV - No data
Skipped YSPY - No data
Skipped BSVO - No data
Skipped CXRN - No data
Skipped OBTC - No data
Skipped XBJA - No data
Skipped JRE - No data
Skipped JUST - No data
Skipped IMCV - No data
Skipped ALTY - No data
Skipped BSJQ - No data
Skipped EMEQ - No data
Skipped BIGY - No data
Skipped REMG - No data
Skipped FLRN - No data
Skipped MAKX - No data
Skipped JPLD - No data
Skipped IXN - No data
Skipped ARCX - No data
Skipped PBUS - No data
Skipped GEVX - No data
Skipped FCOR - No data
Skipped PRCS - No data
Skipped FDEC - No data
Skipped TAXF - No data
Skipped PXI - No data
Skipped NZAC - No data
Skipped SNAV - No data
Skipped PLTG - No data
Skipped TAXX - No data
Skipped IFLO - No data
Skipped NYF - No data
Skipped BDBT - No data
Skipped IBRN - No data
Skipped SFEB - No data
Skipped LQDI - No data
Skipped SEIS - No data
Skipped BIB - No data
Skipped CAS - No data
Skipped EXUS - No data
Skipped QCOC - No data
Skipped EMOP - No data
Skipped BTCL - No data
Skipped TMNS - No data
Skipped BSMW - No data
Skipped FFLG - No data
Skipped BRKU - No data
Skipped XTJL - No data
Skipped FBL - No data
HTTP Error 401: {"finance":{"result":null,"error":{"code":"Unauthorized","description":"Invalid Crumb"}}}
Skipped FDM - No data
Skipped GSEU - No data
Skipped RCTR - No data
Skipped GFEB - No data
Skipped SEEM - No data
Skipped ASHS - No data
Skipped MRVU - No data
Skipped GUSH - No data
Skipped EDOG - No data
Skipped SHEH - No data
Skipped XSPC - No data
Skipped BEEZ - No data
Skipped KLMN - No data
Skipped NSCI - No data
Skipped BSMT - No data
Skipped FLKR - No data
Skipped SOFR - No data
HTTP Error 401: {"finance":{"result":null,"error":{"code":"Unauthorized","description":"User is unable to access this feature - https://bit.ly/yahoo-finance-api-feedback"}}}
Skipped SLNZ - No data
Skipped RSMR - No data
Skipped DGCB - No data
Skipped PNQI - No data
Skipped XMMO - No data
Skipped RKLX - No data
Skipped FLSP - No data
Skipped FMED - No data
Skipped STXF - No data
Skipped NBIG - No data
Skipped FMUN - No data
Skipped ZHOG - No data
HTTP Error 401: {"finance":{"result":null,"error":{"code":"Unauthorized","description":"Invalid Crumb"}}}
HTTP Error 401: {"finance":{"result":null,"error":{"code":"Unauthorized","description":"Invalid Crumb"}}}
Skipped GCAL - No data
Skipped FYX - No data
Skipped SMU - No data
Skipped FDIF - No data
Skipped ETH - No data
Skipped XCHG - No data
Skipped MTUM - No data
Skipped RSSB - No data
Skipped NBIL - No data
Skipped RPAR - No data
Skipped MAYT - No data
Skipped XIJN - No data
Skipped IYG - No data
Skipped XOVR - No data
Skipped TACK - No data
Skipped XONE - No data
Skipped QBF - No data
Skipped STXK - No data
Skipped MAYW - No data
Skipped JFLX - No data
Skipped TYLG - No data
Skipped PWV - No data
Skipped IBDY - No data
Skipped KHPI - No data
Skipped SNPE - No data
Skipped GTEK - No data
Skipped LITP - No data
Skipped AVIG - No data
Skipped DECW - No data
Skipped DDTJ - No data
Skipped EQAL - No data
Skipped RSBY - No data
Skipped LTL - No data
Skipped RHTX - No data
Skipped RPHS - No data
Skipped SUSB - No data
Skipped SHE - No data
Skipped EFO - No data
Skipped SDTY - No data
Skipped FDTS - No data
Done fetching ETFs!
