Skipping Supabase table setup as --skip-setup was specified.
[1/1061] AAPL... OK 124 days
[2/1061] MSFT... OK 124 days
[3/1061] NVDA... OK 124 days
[4/1061] GOOGL... OK 124 days
[5/1061] GOOG... OK 124 days
[6/1061] AMZN... OK 124 days
[7/1061] META... OK 124 days
[8/1061] TSLA... OK 124 days
[9/1061] BRK-B... OK 124 days
[10/1061] BRK-A... OK 124 days
[11/1061] UNH... OK 124 days
[12/1061] LLY... OK 124 days
[13/1061] JPM... OK 124 days
[14/1061] V... OK 124 days
[15/1061] XOM... OK 124 days
[16/1061] MA... OK 124 days
[17/1061] AVGO... OK 124 days
[18/1061] PG... OK 124 days
[19/1061] HD... OK 124 days
[20/1061] COST... OK 124 days
[21/1061] MRK... OK 124 days
[22/1061] CVX... OK 124 days
[23/1061] ABBV... OK 124 days
[24/1061] CRM... Failed (Out of range float values are not JSON compliant: nan)
[25/1061] ACN... OK 124 days
[26/1061] MCD... OK 124 days
[27/1061] WMT... OK 124 days
[28/1061] BAC... OK 124 days
[29/1061] NFLX... OK 124 days
[30/1061] AMD... OK 124 days
[31/1061] PEP... OK 124 days
[32/1061] KO... OK 124 days
[33/1061] TMO... OK 124 days
[34/1061] CSCO... OK 124 days
[35/1061] LIN... OK 124 days
[36/1061] DHR... OK 124 days
[37/1061] ABT... OK 124 days
[38/1061] TXN... OK 124 days
[39/1061] PM... OK 124 days
[40/1061] CMCSA... OK 124 days
[41/1061] ORCL... OK 124 days
[42/1061] WFC... OK 124 days
[43/1061] NEE... OK 124 days
[44/1061] RTX... OK 124 days
[45/1061] T... OK 124 days
[46/1061] BMY... OK 124 days
[47/1061] QCOM... OK 124 days
[48/1061] INTU... OK 124 days
[49/1061] AMGN... OK 124 days
[50/1061] UNP... OK 124 days
[51/1061] MS... OK 124 days
[52/1061] GE... OK 124 days
[53/1061] IBM... OK 124 days
[54/1061] HON... OK 124 days
[55/1061] GS... OK 124 days
[56/1061] CAT... OK 124 days
[57/1061] SPGI... OK 124 days
[58/1061] ISRG... OK 124 days
[59/1061] LOW... OK 124 days
[60/1061] ELV... OK 124 days
[61/1061] BKNG... OK 124 days
[62/1061] VRTX... OK 124 days
[63/1061] DE... OK 124 days
[64/1061] MDLZ... OK 124 days
[65/1061] ADI... OK 124 days
[66/1061] GILD... OK 124 days
[67/1061] BLK... OK 124 days
[68/1061] AXP... OK 124 days
[69/1061] SYK... OK 124 days
[70/1061] REGN... OK 124 days
[71/1061] MMC... $MMC: possibly delisted; no price data found  (period=6mo) (Yahoo error = "No data found, symbol may be delisted")
No history
[72/1061] PLD... OK 124 days
[73/1061] SBUX... OK 124 days
[74/1061] PANW... OK 124 days
[75/1061] CB... OK 124 days
[76/1061] CI... OK 124 days
[77/1061] ETN... OK 124 days
[78/1061] ZTS... OK 124 days
[79/1061] BSX... OK 124 days
[80/1061] LRCX... OK 124 days
[81/1061] KLAC... OK 124 days
[82/1061] SO... OK 124 days
[83/1061] DUK... OK 124 days
[84/1061] NOC... OK 124 days
[85/1061] HUM... OK 124 days
[86/1061] AON... OK 124 days
[87/1061] MO... OK 124 days
[88/1061] ITW... OK 124 days
[89/1061] TGT... Failed (Too Many Requests. Rate limited. Try after a while.)
[90/1061] SHW... Failed (Too Many Requests. Rate limited. Try after a while.)
[91/1061] GD... Failed (Too Many Requests. Rate limited. Try after a while.)
[92/1061] MCO... Failed (Too Many Requests. Rate limited. Try after a while.)
[93/1061] CME... Failed (Too Many Requests. Rate limited. Try after a while.)
[94/1061] EQIX... Failed (Too Many Requests. Rate limited. Try after a while.)
[95/1061] ICE... Failed (Too Many Requests. Rate limited. Try after a while.)
[96/1061] EMR... Failed (Too Many Requests. Rate limited. Try after a while.)
[97/1061] FCX... Failed (Too Many Requests. Rate limited. Try after a while.)
[98/1061] PH... Failed (Too Many Requests. Rate limited. Try after a while.)
[99/1061] NSC... Failed (Too Many Requests. Rate limited. Try after a while.)
[100/1061] CL... Failed (Too Many Requests. Rate limited. Try after a while.)
[101/1061] FDX... Failed (Too Many Requests. Rate limited. Try after a while.)
[102/1061] TDG... Failed (Too Many Requests. Rate limited. Try after a while.)
[103/1061] USB... Failed (Too Many Requests. Rate limited. Try after a while.)
[104/1061] ROP... Failed (Too Many Requests. Rate limited. Try after a while.)
[105/1061] APD... Failed (Too Many Requests. Rate limited. Try after a while.)
[106/1061] CTAS... Failed (Too Many Requests. Rate limited. Try after a while.)
[107/1061] MSI... Failed (Too Many Requests. Rate limited. Try after a while.)
[108/1061] ECL... Failed (Too Many Requests. Rate limited. Try after a while.)
[109/1061] ADSK... Failed (Too Many Requests. Rate limited. Try after a while.)
[110/1061] ANET... Failed (Too Many Requests. Rate limited. Try after a while.)
[111/1061] OXY... Failed (Too Many Requests. Rate limited. Try after a while.)
[112/1061] PCAR... Failed (Too Many Requests. Rate limited. Try after a while.)
[113/1061] ORLY... Failed (Too Many Requests. Rate limited. Try after a while.)
[114/1061] AZO... Failed (Too Many Requests. Rate limited. Try after a while.)
[115/1061] NXPI... Failed (Too Many Requests. Rate limited. Try after a while.)
[116/1061] MCHP... Failed (Too Many Requests. Rate limited. Try after a while.)
[117/1061] WDAY... Failed (Too Many Requests. Rate limited. Try after a while.)
[118/1061] IDXX... Failed (Too Many Requests. Rate limited. Try after a while.)
[119/1061] MET... Failed (Too Many Requests. Rate limited. Try after a while.)
[120/1061] PSA... Failed (Too Many Requests. Rate limited. Try after a while.)
[121/1061] AFL... Failed (Too Many Requests. Rate limited. Try after a while.)
[122/1061] STZ... Failed (Too Many Requests. Rate limited. Try after a while.)
[123/1061] EW... Failed (Too Many Requests. Rate limited. Try after a while.)
[124/1061] SLB... Failed (Too Many Requests. Rate limited. Try after a while.)
[125/1061] ALL... Failed (Too Many Requests. Rate limited. Try after a while.)
[126/1061] PGR... Failed (Too Many Requests. Rate limited. Try after a while.)
[127/1061] TT... Failed (Too Many Requests. Rate limited. Try after a while.)
[128/1061] A... Failed (Too Many Requests. Rate limited. Try after a while.)
[129/1061] NKE... Failed (Too Many Requests. Rate limited. Try after a while.)
[130/1061] CHTR... Failed (Too Many Requests. Rate limited. Try after a while.)
[131/1061] WELL... Failed (Too Many Requests. Rate limited. Try after a while.)
[132/1061] MAR... Failed (Too Many Requests. Rate limited. Try after a while.)
[133/1061] GWW... Failed (Too Many Requests. Rate limited. Try after a while.)
[134/1061] HLT... Failed (Too Many Requests. Rate limited. Try after a while.)
[135/1061] CARR... Failed (Too Many Requests. Rate limited. Try after a while.)
[136/1061] FTNT... Failed (Too Many Requests. Rate limited. Try after a while.)
[137/1061] AIG... Failed (Too Many Requests. Rate limited. Try after a while.)
[138/1061] DHI... Failed (Too Many Requests. Rate limited. Try after a while.)
[139/1061] NEM... Failed (Too Many Requests. Rate limited. Try after a while.)
[140/1061] PAYX... Failed (Too Many Requests. Rate limited. Try after a while.)
[141/1061] ODFL... Failed (Too Many Requests. Rate limited. Try after a while.)
[142/1061] FAST... Failed (Too Many Requests. Rate limited. Try after a while.)
[143/1061] KMB... Failed (Too Many Requests. Rate limited. Try after a while.)
[144/1061] CTVA... Failed (Too Many Requests. Rate limited. Try after a while.)
[145/1061] EFX... Failed (Too Many Requests. Rate limited. Try after a while.)
[146/1061] MTD... Failed (Too Many Requests. Rate limited. Try after a while.)
[147/1061] VRSK... Failed (Too Many Requests. Rate limited. Try after a while.)
[148/1061] MNST... Failed (Too Many Requests. Rate limited. Try after a while.)
[149/1061] HES... Failed (Too Many Requests. Rate limited. Try after a while.)
[150/1061] F... Failed (Too Many Requests. Rate limited. Try after a while.)
[151/1061] GM... Failed (Too Many Requests. Rate limited. Try after a while.)
[152/1061] LHX... Failed (Too Many Requests. Rate limited. Try after a while.)
[153/1061] HIG... Failed (Too Many Requests. Rate limited. Try after a while.)
[154/1061] TEL... Failed (Too Many Requests. Rate limited. Try after a while.)
[155/1061] SRE... Failed (Too Many Requests. Rate limited. Try after a while.)
[156/1061] KEYS... Failed (Too Many Requests. Rate limited. Try after a while.)
[157/1061] OTIS... Failed (Too Many Requests. Rate limited. Try after a while.)
[158/1061] ROK... Failed (Too Many Requests. Rate limited. Try after a while.)
[159/1061] AME... Failed (Too Many Requests. Rate limited. Try after a while.)
[160/1061] BDX... Failed (Too Many Requests. Rate limited. Try after a while.)
[161/1061] WM... Failed (Too Many Requests. Rate limited. Try after a while.)
[162/1061] APH... Failed (Too Many Requests. Rate limited. Try after a while.)
[163/1061] GEHC... Failed (Too Many Requests. Rate limited. Try after a while.)
[164/1061] FANG... Failed (Too Many Requests. Rate limited. Try after a while.)
[165/1061] CPRT... Failed (Too Many Requests. Rate limited. Try after a while.)
[166/1061] GPN... Failed (Too Many Requests. Rate limited. Try after a while.)
[167/1061] AWK... Failed (Too Many Requests. Rate limited. Try after a while.)
[168/1061] KHC... Failed (Too Many Requests. Rate limited. Try after a while.)
[169/1061] CBRE... Failed (Too Many Requests. Rate limited. Try after a while.)
[170/1061] PCG... Failed (Too Many Requests. Rate limited. Try after a while.)
[171/1061] EXC... Failed (Too Many Requests. Rate limited. Try after a while.)
[172/1061] XEL... Failed (Too Many Requests. Rate limited. Try after a while.)
[173/1061] ED... Failed (Too Many Requests. Rate limited. Try after a while.)
[174/1061] D... Failed (Too Many Requests. Rate limited. Try after a while.)
[175/1061] FE... Failed (Too Many Requests. Rate limited. Try after a while.)
[176/1061] ETR... Failed (Too Many Requests. Rate limited. Try after a while.)
[177/1061] ACGL... Failed (Too Many Requests. Rate limited. Try after a while.)
[178/1061] BALL... Failed (Too Many Requests. Rate limited. Try after a while.)
[179/1061] DTE... Failed (Too Many Requests. Rate limited. Try after a while.)
[180/1061] CMS... Failed (Too Many Requests. Rate limited. Try after a while.)
[181/1061] PPL... Failed (Too Many Requests. Rate limited. Try after a while.)
[182/1061] LNT... Failed (Too Many Requests. Rate limited. Try after a while.)
[183/1061] AEE... Failed (Too Many Requests. Rate limited. Try after a while.)
[184/1061] WEC... Failed (Too Many Requests. Rate limited. Try after a while.)
[185/1061] ES... Failed (Too Many Requests. Rate limited. Try after a while.)
[186/1061] CNP... Failed (Too Many Requests. Rate limited. Try after a while.)
[187/1061] NI... Failed (Too Many Requests. Rate limited. Try after a while.)
[188/1061] PNW... Failed (Too Many Requests. Rate limited. Try after a while.)
[189/1061] IEX... Failed (Too Many Requests. Rate limited. Try after a while.)
[190/1061] DOV... Failed (Too Many Requests. Rate limited. Try after a while.)
[191/1061] CINF... Failed (Too Many Requests. Rate limited. Try after a while.)
[192/1061] TFC... Failed (Too Many Requests. Rate limited. Try after a while.)
[193/1061] RF... Failed (Too Many Requests. Rate limited. Try after a while.)
[194/1061] CFG... Failed (Too Many Requests. Rate limited. Try after a while.)
[195/1061] FITB... Failed (Too Many Requests. Rate limited. Try after a while.)
[196/1061] HBAN... Failed (Too Many Requests. Rate limited. Try after a while.)
[197/1061] NTRS... Failed (Too Many Requests. Rate limited. Try after a while.)
[198/1061] STT... Failed (Too Many Requests. Rate limited. Try after a while.)
[199/1061] MTB... Failed (Too Many Requests. Rate limited. Try after a while.)
[200/1061] KEY... Failed (Too Many Requests. Rate limited. Try after a while.)
[201/1061] ZION... Failed (Too Many Requests. Rate limited. Try after a while.)
[202/1061] CMA... Failed (Too Many Requests. Rate limited. Try after a while.)
[203/1061] SNA... Failed (Too Many Requests. Rate limited. Try after a while.)
[204/1061] PNR... Failed (Too Many Requests. Rate limited. Try after a while.)
[205/1061] IR... Failed (Too Many Requests. Rate limited. Try after a while.)
[206/1061] EXPD... Failed (Too Many Requests. Rate limited. Try after a while.)
[207/1061] JBHT... Failed (Too Many Requests. Rate limited. Try after a while.)
[208/1061] UAL... Failed (Too Many Requests. Rate limited. Try after a while.)
[209/1061] DAL... Failed (Too Many Requests. Rate limited. Try after a while.)
[210/1061] LUV... Failed (Too Many Requests. Rate limited. Try after a while.)
[211/1061] AAL... Failed (Too Many Requests. Rate limited. Try after a while.)
[212/1061] CCL... Failed (Too Many Requests. Rate limited. Try after a while.)
[213/1061] RCL... Failed (Too Many Requests. Rate limited. Try after a while.)
[214/1061] NCLH... Failed (Too Many Requests. Rate limited. Try after a while.)
[215/1061] MGM... Failed (Too Many Requests. Rate limited. Try after a while.)
[216/1061] LVS... Failed (Too Many Requests. Rate limited. Try after a while.)
[217/1061] WYNN... Failed (Too Many Requests. Rate limited. Try after a while.)
[218/1061] CZR... Failed (Too Many Requests. Rate limited. Try after a while.)
[219/1061] MHK... Failed (Too Many Requests. Rate limited. Try after a while.)
[220/1061] PHM... Failed (Too Many Requests. Rate limited. Try after a while.)
[221/1061] LEN... Failed (Too Many Requests. Rate limited. Try after a while.)
[222/1061] NVR... Failed (Too Many Requests. Rate limited. Try after a while.)
[223/1061] TOL... Failed (Too Many Requests. Rate limited. Try after a while.)
[224/1061] BXP... Failed (Too Many Requests. Rate limited. Try after a while.)
[225/1061] VNO... Failed (Too Many Requests. Rate limited. Try after a while.)
[226/1061] SLG... Failed (Too Many Requests. Rate limited. Try after a while.)
[227/1061] CPT... Failed (Too Many Requests. Rate limited. Try after a while.)
[228/1061] EQR... Failed (Too Many Requests. Rate limited. Try after a while.)
[229/1061] AVB... Failed (Too Many Requests. Rate limited. Try after a while.)
[230/1061] UDR... Failed (Too Many Requests. Rate limited. Try after a while.)
[231/1061] MAA... Failed (Too Many Requests. Rate limited. Try after a while.)
[232/1061] NNN... Failed (Too Many Requests. Rate limited. Try after a while.)
[233/1061] O... Failed (Too Many Requests. Rate limited. Try after a while.)
[234/1061] STOR... Failed (Too Many Requests. Rate limited. Try after a while.)
[235/1061] WPC... Failed (Too Many Requests. Rate limited. Try after a while.)
[236/1061] MPW... Failed (Too Many Requests. Rate limited. Try after a while.)
[237/1061] HR... Failed (Too Many Requests. Rate limited. Try after a while.)
[238/1061] OHI... Failed (Too Many Requests. Rate limited. Try after a while.)
[239/1061] PEAK... Failed (Too Many Requests. Rate limited. Try after a while.)
[240/1061] VTR... Failed (Too Many Requests. Rate limited. Try after a while.)
[241/1061] SBAC... Failed (Too Many Requests. Rate limited. Try after a while.)
[242/1061] AMT... Failed (Too Many Requests. Rate limited. Try after a while.)
[243/1061] CCI... Failed (Too Many Requests. Rate limited. Try after a while.)
[244/1061] DLR... Failed (Too Many Requests. Rate limited. Try after a while.)
[245/1061] EQIX... Failed (Too Many Requests. Rate limited. Try after a while.)
[246/1061] QTS... Failed (Too Many Requests. Rate limited. Try after a while.)
[247/1061] ARE... Failed (Too Many Requests. Rate limited. Try after a while.)
[248/1061] BRX... Failed (Too Many Requests. Rate limited. Try after a while.)
[249/1061] KIM... Failed (Too Many Requests. Rate limited. Try after a while.)
[250/1061] REG... Failed (Too Many Requests. Rate limited. Try after a while.)
[251/1061] FRT... Failed (Too Many Requests. Rate limited. Try after a while.)
[252/1061] SPG... Failed (Too Many Requests. Rate limited. Try after a while.)
[253/1061] MAC... Failed (Too Many Requests. Rate limited. Try after a while.)
[254/1061] CBL... Failed (Too Many Requests. Rate limited. Try after a while.)
[255/1061] TCO... Failed (Too Many Requests. Rate limited. Try after a while.)
[256/1061] WRI... Failed (Too Many Requests. Rate limited. Try after a while.)
[257/1061] DDR... Failed (Too Many Requests. Rate limited. Try after a while.)
[258/1061] AKR... Failed (Too Many Requests. Rate limited. Try after a while.)
[259/1061] ADC... Failed (Too Many Requests. Rate limited. Try after a while.)
[260/1061] EPRT... Failed (Too Many Requests. Rate limited. Try after a while.)
[261/1061] NTST... Failed (Too Many Requests. Rate limited. Try after a while.)
[262/1061] RCPI... Failed (Too Many Requests. Rate limited. Try after a while.)
[263/1061] VICI... Failed (Too Many Requests. Rate limited. Try after a while.)
[264/1061] GLPI... Failed (Too Many Requests. Rate limited. Try after a while.)
[265/1061] GLP... Failed (Too Many Requests. Rate limited. Try after a while.)
[266/1061] STAG... Failed (Too Many Requests. Rate limited. Try after a while.)
[267/1061] TRNO... Failed (Too Many Requests. Rate limited. Try after a while.)
[268/1061] EXR... Failed (Too Many Requests. Rate limited. Try after a while.)
[269/1061] LSI... Failed (Too Many Requests. Rate limited. Try after a while.)
[270/1061] CUZ... Failed (Too Many Requests. Rate limited. Try after a while.)
[271/1061] PDM... Failed (Too Many Requests. Rate limited. Try after a while.)
[272/1061] DEI... Failed (Too Many Requests. Rate limited. Try after a while.)
[273/1061] HPP... Failed (Too Many Requests. Rate limited. Try after a while.)
[274/1061] CLI... Failed (Too Many Requests. Rate limited. Try after a while.)
[275/1061] PGRE... Failed (Too Many Requests. Rate limited. Try after a while.)
[276/1061] ESRT... Failed (Too Many Requests. Rate limited. Try after a while.)
[277/1061] VRE... Failed (Too Many Requests. Rate limited. Try after a while.)
[278/1061] NXRT... Failed (Too Many Requests. Rate limited. Try after a while.)
[279/1061] IIPR... Failed (Too Many Requests. Rate limited. Try after a while.)
[280/1061] COLD... Failed (Too Many Requests. Rate limited. Try after a while.)
[281/1061] REXR... Failed (Too Many Requests. Rate limited. Try after a while.)
[282/1061] CUBE... Failed (Too Many Requests. Rate limited. Try after a while.)
[283/1061] NSA... Failed (Too Many Requests. Rate limited. Try after a while.)
[284/1061] JBGS... Failed (Too Many Requests. Rate limited. Try after a while.)
[285/1061] KRC... Failed (Too Many Requests. Rate limited. Try after a while.)
[286/1061] BDN... Failed (Too Many Requests. Rate limited. Try after a while.)
[287/1061] OFC... Failed (Too Many Requests. Rate limited. Try after a while.)
[288/1061] PKST... Failed (Too Many Requests. Rate limited. Try after a while.)
[289/1061] FSP... Failed (Too Many Requests. Rate limited. Try after a while.)
[290/1061] RLJ... Failed (Too Many Requests. Rate limited. Try after a while.)
[291/1061] RHP... Failed (Too Many Requests. Rate limited. Try after a while.)
[292/1061] HST... Failed (Too Many Requests. Rate limited. Try after a while.)
[293/1061] DRH... Failed (Too Many Requests. Rate limited. Try after a while.)
[294/1061] PEB... Failed (Too Many Requests. Rate limited. Try after a while.)
[295/1061] SHO... Failed (Too Many Requests. Rate limited. Try after a while.)
[296/1061] CLDT... Failed (Too Many Requests. Rate limited. Try after a while.)
[297/1061] APLE... Failed (Too Many Requests. Rate limited. Try after a while.)
[298/1061] BRAEMAR... Failed (Too Many Requests. Rate limited. Try after a while.)
[299/1061] INN... Failed (Too Many Requests. Rate limited. Try after a while.)
[300/1061] CHSP... Failed (Too Many Requests. Rate limited. Try after a while.)
[301/1061] SVC... Failed (Too Many Requests. Rate limited. Try after a while.)
[302/1061] NWFL... Failed (Too Many Requests. Rate limited. Try after a while.)
[303/1061] VHI... Failed (Too Many Requests. Rate limited. Try after a while.)
[304/1061] ALX... Failed (Too Many Requests. Rate limited. Try after a while.)
[305/1061] ESBA... Failed (Too Many Requests. Rate limited. Try after a while.)
[306/1061] JRJR... Failed (Too Many Requests. Rate limited. Try after a while.)
[307/1061] GOOD... Failed (Too Many Requests. Rate limited. Try after a while.)
[308/1061] LAND... Failed (Too Many Requests. Rate limited. Try after a while.)
[309/1061] PSTL... Failed (Too Many Requests. Rate limited. Try after a while.)
[310/1061] SACH... Failed (Too Many Requests. Rate limited. Try after a while.)
[311/1061] GPMT... Failed (Too Many Requests. Rate limited. Try after a while.)
[312/1061] NOW... Failed (Too Many Requests. Rate limited. Try after a while.)
[313/1061] SNOW... Failed (Too Many Requests. Rate limited. Try after a while.)
[314/1061] PLTR... Failed (Too Many Requests. Rate limited. Try after a while.)
[315/1061] NET... Failed (Too Many Requests. Rate limited. Try after a while.)
[316/1061] DDOG... Failed (Too Many Requests. Rate limited. Try after a while.)
[317/1061] CRWD... Failed (Too Many Requests. Rate limited. Try after a while.)
[318/1061] ZS... Failed (Too Many Requests. Rate limited. Try after a while.)
[319/1061] OKTA... Failed (Too Many Requests. Rate limited. Try after a while.)
[320/1061] MDB... Failed (Too Many Requests. Rate limited. Try after a while.)
[321/1061] CFLT... Failed (Too Many Requests. Rate limited. Try after a while.)
[322/1061] GTLB... Failed (Too Many Requests. Rate limited. Try after a while.)
[323/1061] UiPath... Failed (Too Many Requests. Rate limited. Try after a while.)
[324/1061] PATH... Failed (Too Many Requests. Rate limited. Try after a while.)
[325/1061] AI... Failed (Too Many Requests. Rate limited. Try after a while.)
[326/1061] C3AI... Failed (Too Many Requests. Rate limited. Try after a while.)
[327/1061] BBAI... Failed (Too Many Requests. Rate limited. Try after a while.)
[328/1061] SOUN... Failed (Too Many Requests. Rate limited. Try after a while.)
[329/1061] RBRK... Failed (Too Many Requests. Rate limited. Try after a while.)
[330/1061] RDDT... Failed (Too Many Requests. Rate limited. Try after a while.)
[331/1061] HOOD... Failed (Too Many Requests. Rate limited. Try after a while.)
[332/1061] COIN... Failed (Too Many Requests. Rate limited. Try after a while.)
[333/1061] SQ... Failed (Too Many Requests. Rate limited. Try after a while.)
[334/1061] PYPL... Failed (Too Many Requests. Rate limited. Try after a while.)
[335/1061] AFRM... Failed (Too Many Requests. Rate limited. Try after a while.)
[336/1061] UPST... Failed (Too Many Requests. Rate limited. Try after a while.)
[337/1061] LC... Failed (Too Many Requests. Rate limited. Try after a while.)
[338/1061] SOFI... Failed (Too Many Requests. Rate limited. Try after a while.)
[339/1061] NU... Failed (Too Many Requests. Rate limited. Try after a while.)
[340/1061] DFS... Failed (Too Many Requests. Rate limited. Try after a while.)
[341/1061] COF... Failed (Too Many Requests. Rate limited. Try after a while.)
[342/1061] ADS... Failed (Too Many Requests. Rate limited. Try after a while.)
[343/1061] SYF... Failed (Too Many Requests. Rate limited. Try after a while.)
[344/1061] ALLY... Failed (Too Many Requests. Rate limited. Try after a while.)
[345/1061] SC... Failed (Too Many Requests. Rate limited. Try after a while.)
[346/1061] CACC... Failed (Too Many Requests. Rate limited. Try after a while.)
[347/1061] ECPG... Failed (Too Many Requests. Rate limited. Try after a while.)
[348/1061] OMF... Failed (Too Many Requests. Rate limited. Try after a while.)
[349/1061] WRLD... Failed (Too Many Requests. Rate limited. Try after a while.)
[350/1061] QRVO... Failed (Too Many Requests. Rate limited. Try after a while.)
[351/1061] SWKS... Failed (Too Many Requests. Rate limited. Try after a while.)
[352/1061] XLNX... Failed (Too Many Requests. Rate limited. Try after a while.)
[353/1061] MRVL... Failed (Too Many Requests. Rate limited. Try after a while.)
[354/1061] ON... Failed (Too Many Requests. Rate limited. Try after a while.)
[355/1061] MPWR... Failed (Too Many Requests. Rate limited. Try after a while.)
[356/1061] ALGM... Failed (Too Many Requests. Rate limited. Try after a while.)
[357/1061] SITM... Failed (Too Many Requests. Rate limited. Try after a while.)
[358/1061] WOLF... Failed (Too Many Requests. Rate limited. Try after a while.)
[359/1061] SLAB... Failed (Too Many Requests. Rate limited. Try after a while.)
[360/1061] SMTC... Failed (Too Many Requests. Rate limited. Try after a while.)
[361/1061] CRUS... Failed (Too Many Requests. Rate limited. Try after a while.)
[362/1061] MTSI... Failed (Too Many Requests. Rate limited. Try after a while.)
[363/1061] ENPH... Failed (Too Many Requests. Rate limited. Try after a while.)
[364/1061] FSLR... Failed (Too Many Requests. Rate limited. Try after a while.)
[365/1061] SEDG... Failed (Too Many Requests. Rate limited. Try after a while.)
[366/1061] NOVA... Failed (Too Many Requests. Rate limited. Try after a while.)
[367/1061] ARRY... Failed (Too Many Requests. Rate limited. Try after a while.)
[368/1061] RUN... Failed (Too Many Requests. Rate limited. Try after a while.)
[369/1061] SPWR... Failed (Too Many Requests. Rate limited. Try after a while.)
[370/1061] CSIQ... Failed (Too Many Requests. Rate limited. Try after a while.)
[371/1061] JKS... Failed (Too Many Requests. Rate limited. Try after a while.)
[372/1061] DQ... Failed (Too Many Requests. Rate limited. Try after a while.)
[373/1061] MAXN... Failed (Too Many Requests. Rate limited. Try after a while.)
[374/1061] SHLS... Failed (Too Many Requests. Rate limited. Try after a while.)
[375/1061] SPY... Failed (Too Many Requests. Rate limited. Try after a while.)
[376/1061] QQQ... Failed (Too Many Requests. Rate limited. Try after a while.)
[377/1061] VTI... Failed (Too Many Requests. Rate limited. Try after a while.)
[378/1061] VOO... Failed (Too Many Requests. Rate limited. Try after a while.)
[379/1061] IWM... Failed (Too Many Requests. Rate limited. Try after a while.)
[380/1061] DIA... Failed (Too Many Requests. Rate limited. Try after a while.)
[381/1061] VEA... Failed (Too Many Requests. Rate limited. Try after a while.)
[382/1061] VWO... Failed (Too Many Requests. Rate limited. Try after a while.)
[383/1061] EFA... Failed (Too Many Requests. Rate limited. Try after a while.)
[384/1061] EEM... Failed (Too Many Requests. Rate limited. Try after a while.)
[385/1061] IEMG... Failed (Too Many Requests. Rate limited. Try after a while.)
[386/1061] SCHB... Failed (Too Many Requests. Rate limited. Try after a while.)
[387/1061] ITOT... Failed (Too Many Requests. Rate limited. Try after a while.)
[388/1061] SPDW... Failed (Too Many Requests. Rate limited. Try after a while.)
[389/1061] VT... Failed (Too Many Requests. Rate limited. Try after a while.)
[390/1061] VXUS... Failed (Too Many Requests. Rate limited. Try after a while.)
[391/1061] GLD... Failed (Too Many Requests. Rate limited. Try after a while.)
[392/1061] SLV... Failed (Too Many Requests. Rate limited. Try after a while.)
[393/1061] IAU... Failed (Too Many Requests. Rate limited. Try after a while.)
[394/1061] GLDM... Failed (Too Many Requests. Rate limited. Try after a while.)
[395/1061] XLK... Failed (Too Many Requests. Rate limited. Try after a while.)
[396/1061] XLF... Failed (Too Many Requests. Rate limited. Try after a while.)
[397/1061] XLE... Failed (Too Many Requests. Rate limited. Try after a while.)
[398/1061] XLV... Failed (Too Many Requests. Rate limited. Try after a while.)
[399/1061] XLI... Failed (Too Many Requests. Rate limited. Try after a while.)
[400/1061] XLB... Failed (Too Many Requests. Rate limited. Try after a while.)
[401/1061] XLU... Failed (Too Many Requests. Rate limited. Try after a while.)
[402/1061] XLP... Failed (Too Many Requests. Rate limited. Try after a while.)
[403/1061] XLRE... Failed (Too Many Requests. Rate limited. Try after a while.)
[404/1061] XLC... Failed (Too Many Requests. Rate limited. Try after a while.)
[405/1061] ARKK... Failed (Too Many Requests. Rate limited. Try after a while.)
[406/1061] ARKG... Failed (Too Many Requests. Rate limited. Try after a while.)
[407/1061] ARKW... Failed (Too Many Requests. Rate limited. Try after a while.)
[408/1061] ARKF... Failed (Too Many Requests. Rate limited. Try after a while.)
[409/1061] ARKQ... Failed (Too Many Requests. Rate limited. Try after a while.)
[410/1061] IBB... Failed (Too Many Requests. Rate limited. Try after a while.)
[411/1061] VGT... Failed (Too Many Requests. Rate limited. Try after a while.)
[412/1061] SOXX... Failed (Too Many Requests. Rate limited. Try after a while.)
[413/1061] HACK... Failed (Too Many Requests. Rate limited. Try after a while.)
[414/1061] BOTZ... Failed (Too Many Requests. Rate limited. Try after a while.)
[415/1061] FINX... Failed (Too Many Requests. Rate limited. Try after a while.)
[416/1061] BLOK... Failed (Too Many Requests. Rate limited. Try after a while.)
[417/1061] LIT... Failed (Too Many Requests. Rate limited. Try after a while.)
[418/1061] ICLN... Failed (Too Many Requests. Rate limited. Try after a while.)
[419/1061] ACES... Failed (Too Many Requests. Rate limited. Try after a while.)
[420/1061] TAN... Failed (Too Many Requests. Rate limited. Try after a while.)
[421/1061] FAN... Failed (Too Many Requests. Rate limited. Try after a while.)
[422/1061] GRID... Failed (Too Many Requests. Rate limited. Try after a while.)
[423/1061] PBW... Failed (Too Many Requests. Rate limited. Try after a while.)
[424/1061] QCLN... Failed (Too Many Requests. Rate limited. Try after a while.)
[425/1061] TLT... Failed (Too Many Requests. Rate limited. Try after a while.)
[426/1061] IEF... Failed (Too Many Requests. Rate limited. Try after a while.)
[427/1061] HYG... Failed (Too Many Requests. Rate limited. Try after a while.)
[428/1061] LQD... Failed (Too Many Requests. Rate limited. Try after a while.)
[429/1061] BND... Failed (Too Many Requests. Rate limited. Try after a while.)
[430/1061] SHY... Failed (Too Many Requests. Rate limited. Try after a while.)
[431/1061] VGIT... Failed (Too Many Requests. Rate limited. Try after a while.)
[432/1061] VCIT... Failed (Too Many Requests. Rate limited. Try after a while.)
[433/1061] VCLT... Failed (Too Many Requests. Rate limited. Try after a while.)
[434/1061] AGG... Failed (Too Many Requests. Rate limited. Try after a while.)
[435/1061] MUB... Failed (Too Many Requests. Rate limited. Try after a while.)
[436/1061] TIP... Failed (Too Many Requests. Rate limited. Try after a while.)
[437/1061] STIP... Failed (Too Many Requests. Rate limited. Try after a while.)
[438/1061] VTIP... Failed (Too Many Requests. Rate limited. Try after a while.)
[439/1061] BNDX... Failed (Too Many Requests. Rate limited. Try after a while.)
[440/1061] USHY... Failed (Too Many Requests. Rate limited. Try after a while.)
[441/1061] ANGL... Failed (Too Many Requests. Rate limited. Try after a while.)
[442/1061] EMHY... Failed (Too Many Requests. Rate limited. Try after a while.)
[443/1061] FALN... Failed (Too Many Requests. Rate limited. Try after a while.)
[444/1061] SPSB... Failed (Too Many Requests. Rate limited. Try after a while.)
[445/1061] VNQ... Failed (Too Many Requests. Rate limited. Try after a while.)
[446/1061] SCHH... Failed (Too Many Requests. Rate limited. Try after a while.)
[447/1061] REZ... Failed (Too Many Requests. Rate limited. Try after a while.)
[448/1061] VNQI... Failed (Too Many Requests. Rate limited. Try after a while.)
[449/1061] REM... Failed (Too Many Requests. Rate limited. Try after a while.)
[450/1061] MORT... Failed (Too Many Requests. Rate limited. Try after a while.)
[451/1061] SRET... Failed (Too Many Requests. Rate limited. Try after a while.)
[452/1061] KBWY... Failed (Too Many Requests. Rate limited. Try after a while.)
[453/1061] FFR... Failed (Too Many Requests. Rate limited. Try after a while.)
[454/1061] HOMZ... Failed (Too Many Requests. Rate limited. Try after a while.)
[455/1061] GDX... Failed (Too Many Requests. Rate limited. Try after a while.)
[456/1061] GDXJ... Failed (Too Many Requests. Rate limited. Try after a while.)
[457/1061] SIL... Failed (Too Many Requests. Rate limited. Try after a while.)
[458/1061] SILJ... Failed (Too Many Requests. Rate limited. Try after a while.)
[459/1061] PPLT... Failed (Too Many Requests. Rate limited. Try after a while.)
[460/1061] PALL... Failed (Too Many Requests. Rate limited. Try after a while.)
[461/1061] CPER... Failed (Too Many Requests. Rate limited. Try after a while.)
[462/1061] WOOD... Failed (Too Many Requests. Rate limited. Try after a while.)
[463/1061] MOO... Failed (Too Many Requests. Rate limited. Try after a while.)
[464/1061] WEAT... Failed (Too Many Requests. Rate limited. Try after a while.)
[465/1061] CORN... Failed (Too Many Requests. Rate limited. Try after a while.)
[466/1061] SOYB... Failed (Too Many Requests. Rate limited. Try after a while.)
[467/1061] JJG... Failed (Too Many Requests. Rate limited. Try after a while.)
[468/1061] NIB... Failed (Too Many Requests. Rate limited. Try after a while.)
[469/1061] CANE... Failed (Too Many Requests. Rate limited. Try after a while.)
[470/1061] JO... Failed (Too Many Requests. Rate limited. Try after a while.)
[471/1061] BAL... Failed (Too Many Requests. Rate limited. Try after a while.)
[472/1061] UNG... Failed (Too Many Requests. Rate limited. Try after a while.)
[473/1061] USO... Failed (Too Many Requests. Rate limited. Try after a while.)
[474/1061] BNO... Failed (Too Many Requests. Rate limited. Try after a while.)
[475/1061] AMT... Failed (Too Many Requests. Rate limited. Try after a while.)
[476/1061] PLD... Failed (Too Many Requests. Rate limited. Try after a while.)
[477/1061] EQIX... Failed (Too Many Requests. Rate limited. Try after a while.)
[478/1061] SPG... Failed (Too Many Requests. Rate limited. Try after a while.)
[479/1061] PSA... Failed (Too Many Requests. Rate limited. Try after a while.)
[480/1061] DLR... Failed (Too Many Requests. Rate limited. Try after a while.)
[481/1061] CCI... Failed (Too Many Requests. Rate limited. Try after a while.)
[482/1061] O... Failed (Too Many Requests. Rate limited. Try after a while.)
[483/1061] WELL... Failed (Too Many Requests. Rate limited. Try after a while.)
[484/1061] AVB... Failed (Too Many Requests. Rate limited. Try after a while.)
[485/1061] EQR... Failed (Too Many Requests. Rate limited. Try after a while.)
[486/1061] VTR... Failed (Too Many Requests. Rate limited. Try after a while.)
[487/1061] BXP... Failed (Too Many Requests. Rate limited. Try after a while.)
[488/1061] ARE... Failed (Too Many Requests. Rate limited. Try after a while.)
[489/1061] MAA... Failed (Too Many Requests. Rate limited. Try after a while.)
[490/1061] UDR... Failed (Too Many Requests. Rate limited. Try after a while.)
[491/1061] NNN... Failed (Too Many Requests. Rate limited. Try after a while.)
[492/1061] CPT... Failed (Too Many Requests. Rate limited. Try after a while.)
[493/1061] EXR... Failed (Too Many Requests. Rate limited. Try after a while.)
[494/1061] SBAC... Failed (Too Many Requests. Rate limited. Try after a while.)
[495/1061] KIM... Failed (Too Many Requests. Rate limited. Try after a while.)
[496/1061] REG... Failed (Too Many Requests. Rate limited. Try after a while.)
[497/1061] FRT... Failed (Too Many Requests. Rate limited. Try after a while.)
[498/1061] VICI... Failed (Too Many Requests. Rate limited. Try after a while.)
[499/1061] GLPI... Failed (Too Many Requests. Rate limited. Try after a while.)
[500/1061] STAG... Failed (Too Many Requests. Rate limited. Try after a while.)
[501/1061] TRNO... Failed (Too Many Requests. Rate limited. Try after a while.)
[502/1061] COLD... Failed (Too Many Requests. Rate limited. Try after a while.)
[503/1061] REXR... Failed (Too Many Requests. Rate limited. Try after a while.)
[504/1061] CUBE... Failed (Too Many Requests. Rate limited. Try after a while.)
[505/1061] NSA... Failed (Too Many Requests. Rate limited. Try after a while.)
[506/1061] IRM... Failed (Too Many Requests. Rate limited. Try after a while.)
[507/1061] QTS... Failed (Too Many Requests. Rate limited. Try after a while.)
[508/1061] SLG... Failed (Too Many Requests. Rate limited. Try after a while.)
[509/1061] VNO... Failed (Too Many Requests. Rate limited. Try after a while.)
[510/1061] HPP... Failed (Too Many Requests. Rate limited. Try after a while.)
[511/1061] DEI... Failed (Too Many Requests. Rate limited. Try after a while.)
[512/1061] KRC... Failed (Too Many Requests. Rate limited. Try after a while.)
[513/1061] OFC... Failed (Too Many Requests. Rate limited. Try after a while.)
[514/1061] CLI... Failed (Too Many Requests. Rate limited. Try after a while.)
[515/1061] RHP... Failed (Too Many Requests. Rate limited. Try after a while.)
[516/1061] HST... Failed (Too Many Requests. Rate limited. Try after a while.)
[517/1061] DRH... Failed (Too Many Requests. Rate limited. Try after a while.)
[518/1061] PEB... Failed (Too Many Requests. Rate limited. Try after a while.)
[519/1061] APLE... Failed (Too Many Requests. Rate limited. Try after a while.)
[520/1061] MPW... Failed (Too Many Requests. Rate limited. Try after a while.)
[521/1061] OHI... Failed (Too Many Requests. Rate limited. Try after a while.)
[522/1061] PEAK... Failed (Too Many Requests. Rate limited. Try after a while.)
[523/1061] HR... Failed (Too Many Requests. Rate limited. Try after a while.)
[524/1061] JBGS... Failed (Too Many Requests. Rate limited. Try after a while.)
[525/1061] GC=F... Failed (Too Many Requests. Rate limited. Try after a while.)
[526/1061] SI=F... Failed (Too Many Requests. Rate limited. Try after a while.)
[527/1061] CL=F... Failed (Too Many Requests. Rate limited. Try after a while.)
[528/1061] BZ=F... Failed (Too Many Requests. Rate limited. Try after a while.)
[529/1061] NG=F... Failed (Too Many Requests. Rate limited. Try after a while.)
[530/1061] HG=F... Failed (Too Many Requests. Rate limited. Try after a while.)
[531/1061] PL=F... Failed (Too Many Requests. Rate limited. Try after a while.)
[532/1061] PA=F... Failed (Too Many Requests. Rate limited. Try after a while.)
[533/1061] ZW=F... Failed (Too Many Requests. Rate limited. Try after a while.)
[534/1061] ZC=F... Failed (Too Many Requests. Rate limited. Try after a while.)
[535/1061] ZS=F... Failed (Too Many Requests. Rate limited. Try after a while.)
[536/1061] KC=F... Failed (Too Many Requests. Rate limited. Try after a while.)
[537/1061] CT=F... Failed (Too Many Requests. Rate limited. Try after a while.)
[538/1061] CC=F... Failed (Too Many Requests. Rate limited. Try after a while.)
[539/1061] SB=F... Failed (Too Many Requests. Rate limited. Try after a while.)
[540/1061] OJ=F... Failed (Too Many Requests. Rate limited. Try after a while.)
[541/1061] LE=F... Failed (Too Many Requests. Rate limited. Try after a while.)
[542/1061] GF=F... Failed (Too Many Requests. Rate limited. Try after a while.)
[543/1061] HE=F... Failed (Too Many Requests. Rate limited. Try after a while.)
[544/1061] LBS=F... Failed (Too Many Requests. Rate limited. Try after a while.)
[545/1061] RB=F... Failed (Too Many Requests. Rate limited. Try after a while.)
[546/1061] HO=F... Failed (Too Many Requests. Rate limited. Try after a while.)
[547/1061] BO=F... Failed (Too Many Requests. Rate limited. Try after a while.)
[548/1061] ZO=F... Failed (Too Many Requests. Rate limited. Try after a while.)
[549/1061] ZR=F... Failed (Too Many Requests. Rate limited. Try after a while.)
[550/1061] ZM=F... Failed (Too Many Requests. Rate limited. Try after a while.)
[551/1061] GDK=F... Failed (Too Many Requests. Rate limited. Try after a while.)
[552/1061] DC=F... Failed (Too Many Requests. Rate limited. Try after a while.)
[553/1061] ZL=F... Failed (Too Many Requests. Rate limited. Try after a while.)
[554/1061] ZT=F... Failed (Too Many Requests. Rate limited. Try after a while.)
[555/1061] TLT... Failed (Too Many Requests. Rate limited. Try after a while.)
[556/1061] IEF... Failed (Too Many Requests. Rate limited. Try after a while.)
[557/1061] SHY... Failed (Too Many Requests. Rate limited. Try after a while.)
[558/1061] BND... Failed (Too Many Requests. Rate limited. Try after a while.)
[559/1061] AGG... Failed (Too Many Requests. Rate limited. Try after a while.)
[560/1061] LQD... Failed (Too Many Requests. Rate limited. Try after a while.)
[561/1061] HYG... Failed (Too Many Requests. Rate limited. Try after a while.)
[562/1061] JNK... Failed (Too Many Requests. Rate limited. Try after a while.)
[563/1061] TIP... Failed (Too Many Requests. Rate limited. Try after a while.)
[564/1061] VTIP... Failed (Too Many Requests. Rate limited. Try after a while.)
[565/1061] BNDX... Failed (Too Many Requests. Rate limited. Try after a while.)
[566/1061] EMB... Failed (Too Many Requests. Rate limited. Try after a while.)
[567/1061] MUB... Failed (Too Many Requests. Rate limited. Try after a while.)
[568/1061] SHV... Failed (Too Many Requests. Rate limited. Try after a while.)
[569/1061] GOVT... Failed (Too Many Requests. Rate limited. Try after a while.)
[570/1061] VGSH... Failed (Too Many Requests. Rate limited. Try after a while.)
[571/1061] VGIT... Failed (Too Many Requests. Rate limited. Try after a while.)
[572/1061] VGLT... Failed (Too Many Requests. Rate limited. Try after a while.)
[573/1061] BSV... Failed (Too Many Requests. Rate limited. Try after a while.)
[574/1061] BIV... Failed (Too Many Requests. Rate limited. Try after a while.)
[575/1061] BLV... Failed (Too Many Requests. Rate limited. Try after a while.)
[576/1061] VCSH... Failed (Too Many Requests. Rate limited. Try after a while.)
[577/1061] VCIT... Failed (Too Many Requests. Rate limited. Try after a while.)
[578/1061] VCLT... Failed (Too Many Requests. Rate limited. Try after a while.)
[579/1061] SCHZ... Failed (Too Many Requests. Rate limited. Try after a while.)
[580/1061] SCHR... Failed (Too Many Requests. Rate limited. Try after a while.)
[581/1061] SCHI... Failed (Too Many Requests. Rate limited. Try after a while.)
[582/1061] SCHQ... Failed (Too Many Requests. Rate limited. Try after a while.)
[583/1061] STIP... Failed (Too Many Requests. Rate limited. Try after a while.)
[584/1061] LTPZ... Failed (Too Many Requests. Rate limited. Try after a while.)
[585/1061] RELIANCE.NS... Failed (Too Many Requests. Rate limited. Try after a while.)
[586/1061] TCS.NS... Failed (Too Many Requests. Rate limited. Try after a while.)
[587/1061] HDFCBANK.NS... Failed (Too Many Requests. Rate limited. Try after a while.)
[588/1061] INFY.NS... Failed (Too Many Requests. Rate limited. Try after a while.)
[589/1061] ICICIBANK.NS... Failed (Too Many Requests. Rate limited. Try after a while.)
[590/1061] HINDUNILVR.NS... Failed (Too Many Requests. Rate limited. Try after a while.)
[591/1061] SBIN.NS... Failed (Too Many Requests. Rate limited. Try after a while.)
[592/1061] BHARTIARTL.NS... Failed (Too Many Requests. Rate limited. Try after a while.)
[593/1061] ITC.NS... Failed (Too Many Requests. Rate limited. Try after a while.)
[594/1061] KOTAKBANK.NS... Failed (Too Many Requests. Rate limited. Try after a while.)
[595/1061] LT.NS... Failed (Too Many Requests. Rate limited. Try after a while.)
[596/1061] AXISBANK.NS... Failed (Too Many Requests. Rate limited. Try after a while.)
[597/1061] ASIANPAINT.NS... Failed (Too Many Requests. Rate limited. Try after a while.)
[598/1061] MARUTI.NS... Failed (Too Many Requests. Rate limited. Try after a while.)
[599/1061] SUNPHARMA.NS... Failed (Too Many Requests. Rate limited. Try after a while.)
[600/1061] TITAN.NS... Failed (Too Many Requests. Rate limited. Try after a while.)
[601/1061] ULTRACEMCO.NS... Failed (Too Many Requests. Rate limited. Try after a while.)
[602/1061] WIPRO.NS... Failed (Too Many Requests. Rate limited. Try after a while.)
[603/1061] HCLTECH.NS... Failed (Too Many Requests. Rate limited. Try after a while.)
[604/1061] BAJFINANCE.NS... Failed (Too Many Requests. Rate limited. Try after a while.)
[605/1061] NESTLEIND.NS... Failed (Too Many Requests. Rate limited. Try after a while.)
[606/1061] POWERGRID.NS... Failed (Too Many Requests. Rate limited. Try after a while.)
[607/1061] NTPC.NS... Failed (Too Many Requests. Rate limited. Try after a while.)
[608/1061] ONGC.NS... Failed (Too Many Requests. Rate limited. Try after a while.)
[609/1061] JSWSTEEL.NS... Failed (Too Many Requests. Rate limited. Try after a while.)
[610/1061] TATAMOTORS.NS... Failed (Too Many Requests. Rate limited. Try after a while.)
[611/1061] TECHM.NS... Failed (Too Many Requests. Rate limited. Try after a while.)
[612/1061] ADANIENT.NS... Failed (Too Many Requests. Rate limited. Try after a while.)
[613/1061] ADANIPORTS.NS... Failed (Too Many Requests. Rate limited. Try after a while.)
[614/1061] COALINDIA.NS... Failed (Too Many Requests. Rate limited. Try after a while.)
[615/1061] BAJAJFINSV.NS... Failed (Too Many Requests. Rate limited. Try after a while.)
[616/1061] HDFCLIFE.NS... Failed (Too Many Requests. Rate limited. Try after a while.)
[617/1061] SBILIFE.NS... Failed (Too Many Requests. Rate limited. Try after a while.)
[618/1061] DIVISLAB.NS... Failed (Too Many Requests. Rate limited. Try after a while.)
[619/1061] DRREDDY.NS... Failed (Too Many Requests. Rate limited. Try after a while.)
[620/1061] CIPLA.NS... Failed (Too Many Requests. Rate limited. Try after a while.)
[621/1061] APOLLOHOSP.NS... Failed (Too Many Requests. Rate limited. Try after a while.)
[622/1061] BRITANNIA.NS... Failed (Too Many Requests. Rate limited. Try after a while.)
[623/1061] DABUR.NS... Failed (Too Many Requests. Rate limited. Try after a while.)
[624/1061] MARICO.NS... Failed (Too Many Requests. Rate limited. Try after a while.)
[625/1061] PIDILITIND.NS... Failed (Too Many Requests. Rate limited. Try after a while.)
[626/1061] BERGEPAINT.NS... Failed (Too Many Requests. Rate limited. Try after a while.)
[627/1061] HAVELLS.NS... Failed (Too Many Requests. Rate limited. Try after a while.)
[628/1061] VOLTAS.NS... Failed (Too Many Requests. Rate limited. Try after a while.)
[629/1061] WHIRLPOOL.NS... Failed (Too Many Requests. Rate limited. Try after a while.)
[630/1061] TATACONSUM.NS... Failed (Too Many Requests. Rate limited. Try after a while.)
[631/1061] UBL.NS... Failed (Too Many Requests. Rate limited. Try after a while.)
[632/1061] MCDOWELL-N.NS... Failed (Too Many Requests. Rate limited. Try after a while.)
[633/1061] RADICO.NS... Failed (Too Many Requests. Rate limited. Try after a while.)
[634/1061] TATACOMM.NS... Failed (Too Many Requests. Rate limited. Try after a while.)
[635/1061] INDIAMART.NS... Failed (Too Many Requests. Rate limited. Try after a while.)
[636/1061] NAUKRI.NS... Failed (Too Many Requests. Rate limited. Try after a while.)
[637/1061] ZOMATO.NS... Failed (Too Many Requests. Rate limited. Try after a while.)
[638/1061] PAYTM.NS... Failed (Too Many Requests. Rate limited. Try after a while.)
[639/1061] POLICYBZR.NS... Failed (Too Many Requests. Rate limited. Try after a while.)
[640/1061] DELHIVERY.NS... Failed (Too Many Requests. Rate limited. Try after a while.)
[641/1061] NYKAA.NS... Failed (Too Many Requests. Rate limited. Try after a while.)
[642/1061] CARTRADE.NS... Failed (Too Many Requests. Rate limited. Try after a while.)
[643/1061] EASEMYTRIP.NS... Failed (Too Many Requests. Rate limited. Try after a while.)
[644/1061] IRCTC.NS... Failed (Too Many Requests. Rate limited. Try after a while.)
[645/1061] RAILTEL.NS... Failed (Too Many Requests. Rate limited. Try after a while.)
[646/1061] RVNL.NS... Failed (Too Many Requests. Rate limited. Try after a while.)
[647/1061] IRFC.NS... Failed (Too Many Requests. Rate limited. Try after a while.)
[648/1061] HUDCO.NS... Failed (Too Many Requests. Rate limited. Try after a while.)
[649/1061] RECLTD.NS... Failed (Too Many Requests. Rate limited. Try after a while.)
[650/1061] PFC.NS... Failed (Too Many Requests. Rate limited. Try after a while.)
[651/1061] SJVN.NS... Failed (Too Many Requests. Rate limited. Try after a while.)
[652/1061] NHPC.NS... Failed (Too Many Requests. Rate limited. Try after a while.)
[653/1061] TATAPOWER.NS... Failed (Too Many Requests. Rate limited. Try after a while.)
[654/1061] ADANIGREEN.NS... Failed (Too Many Requests. Rate limited. Try after a while.)
[655/1061] ADANITRANS.NS... Failed (Too Many Requests. Rate limited. Try after a while.)
[656/1061] TORNTPOWER.NS... Failed (Too Many Requests. Rate limited. Try after a while.)
[657/1061] CESC.NS... Failed (Too Many Requests. Rate limited. Try after a while.)
[658/1061] JSW.NS... Failed (Too Many Requests. Rate limited. Try after a while.)
[659/1061] SAIL.NS... Failed (Too Many Requests. Rate limited. Try after a while.)
[660/1061] HINDALCO.NS... Failed (Too Many Requests. Rate limited. Try after a while.)
[661/1061] VEDL.NS... Failed (Too Many Requests. Rate limited. Try after a while.)
[662/1061] NMDC.NS... Failed (Too Many Requests. Rate limited. Try after a while.)
[663/1061] MOIL.NS... Failed (Too Many Requests. Rate limited. Try after a while.)
[664/1061] NATIONALUM.NS... Failed (Too Many Requests. Rate limited. Try after a while.)
[665/1061] BAJAJ-AUTO.NS... Failed (Too Many Requests. Rate limited. Try after a while.)
[666/1061] HEROMOTOCO.NS... Failed (Too Many Requests. Rate limited. Try after a while.)
[667/1061] EICHERMOT.NS... Failed (Too Many Requests. Rate limited. Try after a while.)
[668/1061] TVSMOTORS.NS... Failed (Too Many Requests. Rate limited. Try after a while.)
[669/1061] M&M.NS... Failed (Too Many Requests. Rate limited. Try after a while.)
[670/1061] ASHOKLEY.NS... Failed (Too Many Requests. Rate limited. Try after a while.)
[671/1061] TVSMOTOR.NS... Failed (Too Many Requests. Rate limited. Try after a while.)
[672/1061] ESCORTS.NS... Failed (Too Many Requests. Rate limited. Try after a while.)
[673/1061] FORCEMOT.NS... Failed (Too Many Requests. Rate limited. Try after a while.)
[674/1061] TIINDIA.NS... Failed (Too Many Requests. Rate limited. Try after a while.)
[675/1061] BOSCHLTD.NS... Failed (Too Many Requests. Rate limited. Try after a while.)
[676/1061] MOTHERSON.NS... Failed (Too Many Requests. Rate limited. Try after a while.)
[677/1061] BHARATFORG.NS... Failed (Too Many Requests. Rate limited. Try after a while.)
[678/1061] APOLLOTYRE.NS... Failed (Too Many Requests. Rate limited. Try after a while.)
[679/1061] CEATLTD.NS... Failed (Too Many Requests. Rate limited. Try after a while.)
[680/1061] MRF.NS... Failed (Too Many Requests. Rate limited. Try after a while.)
[681/1061] BALKRISIND.NS... Failed (Too Many Requests. Rate limited. Try after a while.)
[682/1061] EXIDEIND.NS... Failed (Too Many Requests. Rate limited. Try after a while.)
[683/1061] AMARAJABAT.NS... Failed (Too Many Requests. Rate limited. Try after a while.)
[684/1061] SUNDRMFAST.NS... Failed (Too Many Requests. Rate limited. Try after a while.)
[685/1061] DIVISLAB.NS... Failed (Too Many Requests. Rate limited. Try after a while.)
[686/1061] AUROPHARMA.NS... Failed (Too Many Requests. Rate limited. Try after a while.)
[687/1061] ALKEM.NS... Failed (Too Many Requests. Rate limited. Try after a while.)
[688/1061] TORNTPHARM.NS... Failed (Too Many Requests. Rate limited. Try after a while.)
[689/1061] IPCALAB.NS... Failed (Too Many Requests. Rate limited. Try after a while.)
[690/1061] GLENMARK.NS... Failed (Too Many Requests. Rate limited. Try after a while.)
[691/1061] NATCOPHAR.NS... Failed (Too Many Requests. Rate limited. Try after a while.)
[692/1061] AJANTPHARMA.NS... Failed (Too Many Requests. Rate limited. Try after a while.)
[693/1061] GRANULES.NS... Failed (Too Many Requests. Rate limited. Try after a while.)
[694/1061] LAURUSLABS.NS... Failed (Too Many Requests. Rate limited. Try after a while.)
[695/1061] PGHH.NS... Failed (Too Many Requests. Rate limited. Try after a while.)
[696/1061] COLPAL.NS... Failed (Too Many Requests. Rate limited. Try after a while.)
[697/1061] EMAMILTD.NS... Failed (Too Many Requests. Rate limited. Try after a while.)
[698/1061] BAJAJCON.NS... Failed (Too Many Requests. Rate limited. Try after a while.)
[699/1061] JYOTHYLAB.NS... Failed (Too Many Requests. Rate limited. Try after a while.)
[700/1061] TATAELXSI.NS... Failed (Too Many Requests. Rate limited. Try after a while.)
[701/1061] LTTS.NS... Failed (Too Many Requests. Rate limited. Try after a while.)
[702/1061] MPHASIS.NS... Failed (Too Many Requests. Rate limited. Try after a while.)
[703/1061] COFORGE.NS... Failed (Too Many Requests. Rate limited. Try after a while.)
[704/1061] PERSISTENT.NS... Failed (Too Many Requests. Rate limited. Try after a while.)
[705/1061] ROUTE.NS... Failed (Too Many Requests. Rate limited. Try after a while.)
[706/1061] TANLA.NS... Failed (Too Many Requests. Rate limited. Try after a while.)
[707/1061] MASTEK.NS... Failed (Too Many Requests. Rate limited. Try after a while.)
[708/1061] KPITTECH.NS... Failed (Too Many Requests. Rate limited. Try after a while.)
[709/1061] SONATSOFTW.NS... Failed (Too Many Requests. Rate limited. Try after a while.)
[710/1061] BANKBARODA.NS... Failed (Too Many Requests. Rate limited. Try after a while.)
[711/1061] PNB.NS... Failed (Too Many Requests. Rate limited. Try after a while.)
[712/1061] CANBK.NS... Failed (Too Many Requests. Rate limited. Try after a while.)
[713/1061] UNIONBANK.NS... Failed (Too Many Requests. Rate limited. Try after a while.)
[714/1061] INDIANB.NS... Failed (Too Many Requests. Rate limited. Try after a while.)
[715/1061] IOB.NS... Failed (Too Many Requests. Rate limited. Try after a while.)
[716/1061] UCOBANK.NS... Failed (Too Many Requests. Rate limited. Try after a while.)
[717/1061] CENTRALBK.NS... Failed (Too Many Requests. Rate limited. Try after a while.)
[718/1061] MAHABANK.NS... Failed (Too Many Requests. Rate limited. Try after a while.)
[719/1061] PSB.NS... Failed (Too Many Requests. Rate limited. Try after a while.)
[720/1061] MUTHOOTFIN.NS... Failed (Too Many Requests. Rate limited. Try after a while.)
[721/1061] MANAPPURAM.NS... Failed (Too Many Requests. Rate limited. Try after a while.)
[722/1061] CHOLAFIN.NS... Failed (Too Many Requests. Rate limited. Try after a while.)
[723/1061] SUNDARMFIN.NS... Failed (Too Many Requests. Rate limited. Try after a while.)
[724/1061] M&MFIN.NS... Failed (Too Many Requests. Rate limited. Try after a while.)
[725/1061] SHRIRAMFIN.NS... Failed (Too Many Requests. Rate limited. Try after a while.)
[726/1061] LIChousing.NS... Failed (Too Many Requests. Rate limited. Try after a while.)
[727/1061] CANFINHOME.NS... Failed (Too Many Requests. Rate limited. Try after a while.)
[728/1061] GRUH.NS... Failed (Too Many Requests. Rate limited. Try after a while.)
[729/1061] REPCO.NS... Failed (Too Many Requests. Rate limited. Try after a while.)
[730/1061] HDFCAMC.NS... Failed (Too Many Requests. Rate limited. Try after a while.)
[731/1061] NIPPONLIFE.NS... Failed (Too Many Requests. Rate limited. Try after a while.)
[732/1061] ICICIPRU.NS... Failed (Too Many Requests. Rate limited. Try after a while.)
[733/1061] ABSLAMC.NS... Failed (Too Many Requests. Rate limited. Try after a while.)
[734/1061] UTIAMC.NS... Failed (Too Many Requests. Rate limited. Try after a while.)
[735/1061] NAUKRI.NS... Failed (Too Many Requests. Rate limited. Try after a while.)
[736/1061] JUSTDIAL.NS... Failed (Too Many Requests. Rate limited. Try after a while.)
[737/1061] MATRIMONY.NS... Failed (Too Many Requests. Rate limited. Try after a while.)
[738/1061] MAKEMYTRIP.NS... Failed (Too Many Requests. Rate limited. Try after a while.)
[739/1061] YATRA.NS... Failed (Too Many Requests. Rate limited. Try after a while.)
[740/1061] TATACOMM.NS... Failed (Too Many Requests. Rate limited. Try after a while.)
[741/1061] HFCL.NS... Failed (Too Many Requests. Rate limited. Try after a while.)
[742/1061] STLTECH.NS... Failed (Too Many Requests. Rate limited. Try after a while.)
[743/1061] TEJASNET.NS... Failed (Too Many Requests. Rate limited. Try after a while.)
[744/1061] GTLINFRA.NS... Failed (Too Many Requests. Rate limited. Try after a while.)
[745/1061] TATAPOWER.NS... Failed (Too Many Requests. Rate limited. Try after a while.)
[746/1061] CESC.NS... Failed (Too Many Requests. Rate limited. Try after a while.)
[747/1061] TORNTPOWER.NS... Failed (Too Many Requests. Rate limited. Try after a while.)
[748/1061] JSWENERGY.NS... Failed (Too Many Requests. Rate limited. Try after a while.)
[749/1061] INOXWIND.NS... Failed (Too Many Requests. Rate limited. Try after a while.)
[750/1061] SUZLON.NS... Failed (Too Many Requests. Rate limited. Try after a while.)
[751/1061] RPOWER.NS... Failed (Too Many Requests. Rate limited. Try after a while.)
[752/1061] ADANIPOWER.NS... Failed (Too Many Requests. Rate limited. Try after a while.)
[753/1061] JPPOWER.NS... Failed (Too Many Requests. Rate limited. Try after a while.)
[754/1061] NHPC.NS... Failed (Too Many Requests. Rate limited. Try after a while.)
[755/1061] NATIONALUM.NS... Failed (Too Many Requests. Rate limited. Try after a while.)
[756/1061] HINDZINC.NS... Failed (Too Many Requests. Rate limited. Try after a while.)
[757/1061] HINDCOPPER.NS... Failed (Too Many Requests. Rate limited. Try after a while.)
[758/1061] MOIL.NS... Failed (Too Many Requests. Rate limited. Try after a while.)
[759/1061] GMRINFRA.NS... Failed (Too Many Requests. Rate limited. Try after a while.)
[760/1061] IRB.NS... Failed (Too Many Requests. Rate limited. Try after a while.)
[761/1061] SADBHAV.NS... Failed (Too Many Requests. Rate limited. Try after a while.)
[762/1061] KNRCON.NS... Failed (Too Many Requests. Rate limited. Try after a while.)
[763/1061] PNC.NS... Failed (Too Many Requests. Rate limited. Try after a while.)
[764/1061] HGINFRA.NS... Failed (Too Many Requests. Rate limited. Try after a while.)
[765/1061] PHOENIXLTD.NS... Failed (Too Many Requests. Rate limited. Try after a while.)
[766/1061] DLF.NS... Failed (Too Many Requests. Rate limited. Try after a while.)
[767/1061] GODREJPROP.NS... Failed (Too Many Requests. Rate limited. Try after a while.)
[768/1061] OBEROIRLTY.NS... Failed (Too Many Requests. Rate limited. Try after a while.)
[769/1061] PRESTIGE.NS... Failed (Too Many Requests. Rate limited. Try after a while.)
[770/1061] ASML... Failed (Too Many Requests. Rate limited. Try after a while.)
[771/1061] TSM... Failed (Too Many Requests. Rate limited. Try after a while.)
[772/1061] BABA... Failed (Too Many Requests. Rate limited. Try after a while.)
[773/1061] NVO... Failed (Too Many Requests. Rate limited. Try after a while.)
[774/1061] SAP... Failed (Too Many Requests. Rate limited. Try after a while.)
[775/1061] TM... Failed (Too Many Requests. Rate limited. Try after a while.)
[776/1061] SHOP... Failed (Too Many Requests. Rate limited. Try after a while.)
[777/1061] SONY... Failed (Too Many Requests. Rate limited. Try after a while.)
[778/1061] HSBC... Failed (Too Many Requests. Rate limited. Try after a while.)
[779/1061] RY... Failed (Too Many Requests. Rate limited. Try after a while.)
[780/1061] TD... Failed (Too Many Requests. Rate limited. Try after a while.)
[781/1061] BP... Failed (Too Many Requests. Rate limited. Try after a while.)
[782/1061] SHEL... Failed (Too Many Requests. Rate limited. Try after a while.)
[783/1061] UL... Failed (Too Many Requests. Rate limited. Try after a while.)
[784/1061] DEO... Failed (Too Many Requests. Rate limited. Try after a while.)
[785/1061] BTI... Failed (Too Many Requests. Rate limited. Try after a while.)
[786/1061] NVS... Failed (Too Many Requests. Rate limited. Try after a while.)
[787/1061] RHHBY... Failed (Too Many Requests. Rate limited. Try after a while.)
[788/1061] AZN... Failed (Too Many Requests. Rate limited. Try after a while.)
[789/1061] GSK... Failed (Too Many Requests. Rate limited. Try after a while.)
[790/1061] SNY... Failed (Too Many Requests. Rate limited. Try after a while.)
[791/1061] SAN... Failed (Too Many Requests. Rate limited. Try after a while.)
[792/1061] BBVA... Failed (Too Many Requests. Rate limited. Try after a while.)
[793/1061] ING... Failed (Too Many Requests. Rate limited. Try after a while.)
[794/1061] PHG... Failed (Too Many Requests. Rate limited. Try after a while.)
[795/1061] SIEGY... Failed (Too Many Requests. Rate limited. Try after a while.)
[796/1061] BAYZF... Failed (Too Many Requests. Rate limited. Try after a while.)
[797/1061] VLKAF... Failed (Too Many Requests. Rate limited. Try after a while.)
[798/1061] BMWYY... Failed (Too Many Requests. Rate limited. Try after a while.)
[799/1061] MBGYY... Failed (Too Many Requests. Rate limited. Try after a while.)
[800/1061] BHP... Failed (Too Many Requests. Rate limited. Try after a while.)
[801/1061] RIO... Failed (Too Many Requests. Rate limited. Try after a while.)
[802/1061] VALE... Failed (Too Many Requests. Rate limited. Try after a while.)
[803/1061] AMX... Failed (Too Many Requests. Rate limited. Try after a while.)
[804/1061] ITUB... Failed (Too Many Requests. Rate limited. Try after a while.)
[805/1061] BBD... Failed (Too Many Requests. Rate limited. Try after a while.)
[806/1061] PBR... Failed (Too Many Requests. Rate limited. Try after a while.)
[807/1061] CIB... Failed (Too Many Requests. Rate limited. Try after a while.)
[808/1061] BAP... Failed (Too Many Requests. Rate limited. Try after a while.)
[809/1061] GGAL... Failed (Too Many Requests. Rate limited. Try after a while.)
[810/1061] MELI... Failed (Too Many Requests. Rate limited. Try after a while.)
[811/1061] SE... Failed (Too Many Requests. Rate limited. Try after a while.)
[812/1061] GRAB... Failed (Too Many Requests. Rate limited. Try after a while.)
[813/1061] BIDU... Failed (Too Many Requests. Rate limited. Try after a while.)
[814/1061] JD... Failed (Too Many Requests. Rate limited. Try after a while.)
[815/1061] PDD... Failed (Too Many Requests. Rate limited. Try after a while.)
[816/1061] NTES... Failed (Too Many Requests. Rate limited. Try after a while.)
[817/1061] BILI... Failed (Too Many Requests. Rate limited. Try after a while.)
[818/1061] TME... Failed (Too Many Requests. Rate limited. Try after a while.)
[819/1061] IQ... Failed (Too Many Requests. Rate limited. Try after a while.)
[820/1061] KB... Failed (Too Many Requests. Rate limited. Try after a while.)
[821/1061] SHG... Failed (Too Many Requests. Rate limited. Try after a while.)
[822/1061] SKM... Failed (Too Many Requests. Rate limited. Try after a while.)
[823/1061] KEP... Failed (Too Many Requests. Rate limited. Try after a while.)
[824/1061] HDB... Failed (Too Many Requests. Rate limited. Try after a while.)
[825/1061] WIT... Failed (Too Many Requests. Rate limited. Try after a while.)
[826/1061] IBN... Failed (Too Many Requests. Rate limited. Try after a while.)
[827/1061] VEDL... Failed (Too Many Requests. Rate limited. Try after a while.)
[828/1061] ENIC... Failed (Too Many Requests. Rate limited. Try after a while.)
[829/1061] ERJ... Failed (Too Many Requests. Rate limited. Try after a while.)
[830/1061] ABEV... Failed (Too Many Requests. Rate limited. Try after a while.)
[831/1061] XP... Failed (Too Many Requests. Rate limited. Try after a while.)
[832/1061] GGB... Failed (Too Many Requests. Rate limited. Try after a while.)
[833/1061] SID... Failed (Too Many Requests. Rate limited. Try after a while.)
[834/1061] TIMB... Failed (Too Many Requests. Rate limited. Try after a while.)
[835/1061] BSBR... Failed (Too Many Requests. Rate limited. Try after a while.)
[836/1061] BRFS... Failed (Too Many Requests. Rate limited. Try after a while.)
[837/1061] EMBR... Failed (Too Many Requests. Rate limited. Try after a while.)
[838/1061] PAGS... Failed (Too Many Requests. Rate limited. Try after a while.)
[839/1061] STNE... Failed (Too Many Requests. Rate limited. Try after a while.)
[840/1061] TCOM... Failed (Too Many Requests. Rate limited. Try after a while.)
[841/1061] ZTO... Failed (Too Many Requests. Rate limited. Try after a while.)
[842/1061] YMM... Failed (Too Many Requests. Rate limited. Try after a while.)
[843/1061] VNET... Failed (Too Many Requests. Rate limited. Try after a while.)
[844/1061] CAN... Failed (Too Many Requests. Rate limited. Try after a while.)
[845/1061] FINV... Failed (Too Many Requests. Rate limited. Try after a while.)
[846/1061] QFIN... Failed (Too Many Requests. Rate limited. Try after a while.)
[847/1061] LIAN... Failed (Too Many Requests. Rate limited. Try after a while.)
[848/1061] BZ... Failed (Too Many Requests. Rate limited. Try after a while.)
[849/1061] NIU... Failed (Too Many Requests. Rate limited. Try after a while.)
[850/1061] PLTR... Failed (Too Many Requests. Rate limited. Try after a while.)
[851/1061] SNOW... Failed (Too Many Requests. Rate limited. Try after a while.)
[852/1061] CRWD... Failed (Too Many Requests. Rate limited. Try after a while.)
[853/1061] DDOG... Failed (Too Many Requests. Rate limited. Try after a while.)
[854/1061] ZS... Failed (Too Many Requests. Rate limited. Try after a while.)
[855/1061] OKTA... Failed (Too Many Requests. Rate limited. Try after a while.)
[856/1061] MDB... Failed (Too Many Requests. Rate limited. Try after a while.)
[857/1061] CFLT... Failed (Too Many Requests. Rate limited. Try after a while.)
[858/1061] GTLB... Failed (Too Many Requests. Rate limited. Try after a while.)
[859/1061] PATH... Failed (Too Many Requests. Rate limited. Try after a while.)
[860/1061] AI... Failed (Too Many Requests. Rate limited. Try after a while.)
[861/1061] SOUN... Failed (Too Many Requests. Rate limited. Try after a while.)
[862/1061] RBRK... Failed (Too Many Requests. Rate limited. Try after a while.)
[863/1061] RDDT... Failed (Too Many Requests. Rate limited. Try after a while.)
[864/1061] HOOD... Failed (Too Many Requests. Rate limited. Try after a while.)
[865/1061] COIN... Failed (Too Many Requests. Rate limited. Try after a while.)
[866/1061] SQ... Failed (Too Many Requests. Rate limited. Try after a while.)
[867/1061] PYPL... Failed (Too Many Requests. Rate limited. Try after a while.)
[868/1061] AFRM... Failed (Too Many Requests. Rate limited. Try after a while.)
[869/1061] UPST... Failed (Too Many Requests. Rate limited. Try after a while.)
[870/1061] SOFI... Failed (Too Many Requests. Rate limited. Try after a while.)
[871/1061] NU... Failed (Too Many Requests. Rate limited. Try after a while.)
[872/1061] MRVL... Failed (Too Many Requests. Rate limited. Try after a while.)
[873/1061] ON... Failed (Too Many Requests. Rate limited. Try after a while.)
[874/1061] MPWR... Failed (Too Many Requests. Rate limited. Try after a while.)
[875/1061] ENPH... Failed (Too Many Requests. Rate limited. Try after a while.)
[876/1061] FSLR... Failed (Too Many Requests. Rate limited. Try after a while.)
[877/1061] SEDG... Failed (Too Many Requests. Rate limited. Try after a while.)
[878/1061] RUN... Failed (Too Many Requests. Rate limited. Try after a while.)
[879/1061] NET... Failed (Too Many Requests. Rate limited. Try after a while.)
[880/1061] MNDY... Failed (Too Many Requests. Rate limited. Try after a while.)
[881/1061] BILL... Failed (Too Many Requests. Rate limited. Try after a while.)
[882/1061] HUBS... Failed (Too Many Requests. Rate limited. Try after a while.)
[883/1061] TWLO... Failed (Too Many Requests. Rate limited. Try after a while.)
[884/1061] ZI... Failed (Too Many Requests. Rate limited. Try after a while.)
[885/1061] DOCN... Failed (Too Many Requests. Rate limited. Try after a while.)
[886/1061] ESTC... Failed (Too Many Requests. Rate limited. Try after a while.)
[887/1061] ELASTIC... Failed (Too Many Requests. Rate limited. Try after a while.)
[888/1061] APPN... Failed (Too Many Requests. Rate limited. Try after a while.)
[889/1061] PROG... Failed (Too Many Requests. Rate limited. Try after a while.)
[890/1061] IONQ... Failed (Too Many Requests. Rate limited. Try after a while.)
[891/1061] QUBT... Failed (Too Many Requests. Rate limited. Try after a while.)
[892/1061] RGTI... Failed (Too Many Requests. Rate limited. Try after a while.)
[893/1061] ARQQ... Failed (Too Many Requests. Rate limited. Try after a while.)
[894/1061] ASTS... Failed (Too Many Requests. Rate limited. Try after a while.)
[895/1061] RKLB... Failed (Too Many Requests. Rate limited. Try after a while.)
[896/1061] LUNR... Failed (Too Many Requests. Rate limited. Try after a while.)
[897/1061] MNTS... Failed (Too Many Requests. Rate limited. Try after a while.)
[898/1061] ASTR... Failed (Too Many Requests. Rate limited. Try after a while.)
[899/1061] SPCE... Failed (Too Many Requests. Rate limited. Try after a while.)
[900/1061] RDW... Failed (Too Many Requests. Rate limited. Try after a while.)
[901/1061] VORB... Failed (Too Many Requests. Rate limited. Try after a while.)
[902/1061] AXON... Failed (Too Many Requests. Rate limited. Try after a while.)
[903/1061] TRGP... Failed (Too Many Requests. Rate limited. Try after a while.)
[904/1061] GDDY... Failed (Too Many Requests. Rate limited. Try after a while.)
[905/1061] EQT... Failed (Too Many Requests. Rate limited. Try after a while.)
[906/1061] CBOE... Failed (Too Many Requests. Rate limited. Try after a while.)
[907/1061] NDAQ... Failed (Too Many Requests. Rate limited. Try after a while.)
[908/1061] NTAP... Failed (Too Many Requests. Rate limited. Try after a while.)
[909/1061] ZBRA... Failed (Too Many Requests. Rate limited. Try after a while.)
[910/1061] WST... Failed (Too Many Requests. Rate limited. Try after a while.)
[911/1061] POOL... Failed (Too Many Requests. Rate limited. Try after a while.)
[912/1061] TYL... Failed (Too Many Requests. Rate limited. Try after a while.)
[913/1061] PAYC... Failed (Too Many Requests. Rate limited. Try after a while.)
[914/1061] MANH... Failed (Too Many Requests. Rate limited. Try after a while.)
[915/1061] ALLE... Failed (Too Many Requests. Rate limited. Try after a while.)
[916/1061] BWXT... Failed (Too Many Requests. Rate limited. Try after a while.)
[917/1061] SNX... Failed (Too Many Requests. Rate limited. Try after a while.)
[918/1061] HII... Failed (Too Many Requests. Rate limited. Try after a while.)
[919/1061] LECO... Failed (Too Many Requests. Rate limited. Try after a while.)
[920/1061] RNR... Failed (Too Many Requests. Rate limited. Try after a while.)
[921/1061] SAIA... Failed (Too Many Requests. Rate limited. Try after a while.)
[922/1061] INGR... Failed (Too Many Requests. Rate limited. Try after a while.)
[923/1061] LSTR... Failed (Too Many Requests. Rate limited. Try after a while.)
[924/1061] PCVX... Failed (Too Many Requests. Rate limited. Try after a while.)
[925/1061] CWST... Failed (Too Many Requests. Rate limited. Try after a while.)
[926/1061] FDS... Failed (Too Many Requests. Rate limited. Try after a while.)
[927/1061] TREX... Failed (Too Many Requests. Rate limited. Try after a while.)
[928/1061] MEDP... Failed (Too Many Requests. Rate limited. Try after a while.)
[929/1061] ITCI... Failed (Too Many Requests. Rate limited. Try after a while.)
[930/1061] MMSI... Failed (Too Many Requests. Rate limited. Try after a while.)
[931/1061] CASY... Failed (Too Many Requests. Rate limited. Try after a while.)
[932/1061] LNTH... Failed (Too Many Requests. Rate limited. Try after a while.)
[933/1061] SFBS... Failed (Too Many Requests. Rate limited. Try after a while.)
[934/1061] BGNE... Failed (Too Many Requests. Rate limited. Try after a while.)
[935/1061] ROIV... Failed (Too Many Requests. Rate limited. Try after a while.)
[936/1061] IRTC... Failed (Too Many Requests. Rate limited. Try after a while.)
[937/1061] ACHC... Failed (Too Many Requests. Rate limited. Try after a while.)
[938/1061] PRCT... Failed (Too Many Requests. Rate limited. Try after a while.)
[939/1061] ITGR... Failed (Too Many Requests. Rate limited. Try after a while.)
[940/1061] ICUI... Failed (Too Many Requests. Rate limited. Try after a while.)
[941/1061] AGIO... Failed (Too Many Requests. Rate limited. Try after a while.)
[942/1061] MATX... Failed (Too Many Requests. Rate limited. Try after a while.)
[943/1061] EPAM... Failed (Too Many Requests. Rate limited. Try after a while.)
[944/1061] GLDD... Failed (Too Many Requests. Rate limited. Try after a while.)
[945/1061] GKOS... Failed (Too Many Requests. Rate limited. Try after a while.)
[946/1061] KRYS... Failed (Too Many Requests. Rate limited. Try after a while.)
[947/1061] ACAD... Failed (Too Many Requests. Rate limited. Try after a while.)
[948/1061] EXAS... Failed (Too Many Requests. Rate limited. Try after a while.)
[949/1061] NTRA... Failed (Too Many Requests. Rate limited. Try after a while.)
[950/1061] TDOC... Failed (Too Many Requests. Rate limited. Try after a while.)
[951/1061] HIMS... Failed (Too Many Requests. Rate limited. Try after a while.)
[952/1061] CELH... Failed (Too Many Requests. Rate limited. Try after a while.)
[953/1061] PTON... Failed (Too Many Requests. Rate limited. Try after a while.)
[954/1061] DKNG... Failed (Too Many Requests. Rate limited. Try after a while.)
[955/1061] PENN... Failed (Too Many Requests. Rate limited. Try after a while.)
[956/1061] RSI... Failed (Too Many Requests. Rate limited. Try after a while.)
[957/1061] AGS... Failed (Too Many Requests. Rate limited. Try after a while.)
[958/1061] GENI... Failed (Too Many Requests. Rate limited. Try after a while.)
[959/1061] SGHC... Failed (Too Many Requests. Rate limited. Try after a while.)
[960/1061] CARG... Failed (Too Many Requests. Rate limited. Try after a while.)
[961/1061] OPEN... Failed (Too Many Requests. Rate limited. Try after a while.)
[962/1061] OPENDOOR... Failed (Too Many Requests. Rate limited. Try after a while.)
[963/1061] Z... Failed (Too Many Requests. Rate limited. Try after a while.)
[964/1061] ZG... Failed (Too Many Requests. Rate limited. Try after a while.)
[965/1061] RDFN... Failed (Too Many Requests. Rate limited. Try after a while.)
[966/1061] EXPI... Failed (Too Many Requests. Rate limited. Try after a while.)
[967/1061] COMP... Failed (Too Many Requests. Rate limited. Try after a while.)
[968/1061] HHC... Failed (Too Many Requests. Rate limited. Try after a while.)
[969/1061] FPH... Failed (Too Many Requests. Rate limited. Try after a while.)
[970/1061] AIRC... Failed (Too Many Requests. Rate limited. Try after a while.)
[971/1061] NXST... Failed (Too Many Requests. Rate limited. Try after a while.)
[972/1061] SIRI... Failed (Too Many Requests. Rate limited. Try after a while.)
[973/1061] IHRT... Failed (Too Many Requests. Rate limited. Try after a while.)
[974/1061] GTN... Failed (Too Many Requests. Rate limited. Try after a while.)
[975/1061] SBGI... Failed (Too Many Requests. Rate limited. Try after a while.)
[976/1061] AMC... Failed (Too Many Requests. Rate limited. Try after a while.)
[977/1061] CNK... Failed (Too Many Requests. Rate limited. Try after a while.)
[978/1061] IMAX... Failed (Too Many Requests. Rate limited. Try after a while.)
[979/1061] LYV... Failed (Too Many Requests. Rate limited. Try after a while.)
[980/1061] SEM... Failed (Too Many Requests. Rate limited. Try after a while.)
[981/1061] ACHC... Failed (Too Many Requests. Rate limited. Try after a while.)
[982/1061] ENVA... Failed (Too Many Requests. Rate limited. Try after a while.)
[983/1061] CURO... Failed (Too Many Requests. Rate limited. Try after a while.)
[984/1061] PRAA... Failed (Too Many Requests. Rate limited. Try after a while.)
[985/1061] NAVI... Failed (Too Many Requests. Rate limited. Try after a while.)
[986/1061] SLM... Failed (Too Many Requests. Rate limited. Try after a while.)
[987/1061] NMIH... Failed (Too Many Requests. Rate limited. Try after a while.)
[988/1061] RDN... Failed (Too Many Requests. Rate limited. Try after a while.)
[989/1061] ESNT... Failed (Too Many Requests. Rate limited. Try after a while.)
[990/1061] MGIC... Failed (Too Many Requests. Rate limited. Try after a while.)
[991/1061] MTG... Failed (Too Many Requests. Rate limited. Try after a while.)
[992/1061] ESGR... Failed (Too Many Requests. Rate limited. Try after a while.)
[993/1061] ARGO... Failed (Too Many Requests. Rate limited. Try after a while.)
[994/1061] ACGL... Failed (Too Many Requests. Rate limited. Try after a while.)
[995/1061] RYAN... Failed (Too Many Requests. Rate limited. Try after a while.)
[996/1061] GSHD... Failed (Too Many Requests. Rate limited. Try after a while.)
[997/1061] KNSL... Failed (Too Many Requests. Rate limited. Try after a while.)
[998/1061] KINSALE... Failed (Too Many Requests. Rate limited. Try after a while.)
[999/1061] KINS... Failed (Too Many Requests. Rate limited. Try after a while.)
[1000/1061] NGHC... Failed (Too Many Requests. Rate limited. Try after a while.)
[1001/1061] HCI... Failed (Too Many Requests. Rate limited. Try after a while.)
[1002/1061] JOBY... Failed (Too Many Requests. Rate limited. Try after a while.)
[1003/1061] ACHR... Failed (Too Many Requests. Rate limited. Try after a while.)
[1004/1061] LILM... Failed (Too Many Requests. Rate limited. Try after a while.)
[1005/1061] EVTL... Failed (Too Many Requests. Rate limited. Try after a while.)
[1006/1061] BLDE... Failed (Too Many Requests. Rate limited. Try after a while.)
[1007/1061] SKYH... Failed (Too Many Requests. Rate limited. Try after a while.)
[1008/1061] ATRO... Failed (Too Many Requests. Rate limited. Try after a while.)
[1009/1061] KTOS... Failed (Too Many Requests. Rate limited. Try after a while.)
[1010/1061] RCAT... Failed (Too Many Requests. Rate limited. Try after a while.)
[1011/1061] AVAV... Failed (Too Many Requests. Rate limited. Try after a while.)
[1012/1061] CEVA... Failed (Too Many Requests. Rate limited. Try after a while.)
[1013/1061] FORM... Failed (Too Many Requests. Rate limited. Try after a while.)
[1014/1061] POWI... Failed (Too Many Requests. Rate limited. Try after a while.)
[1015/1061] DIOD... Failed (Too Many Requests. Rate limited. Try after a while.)
[1016/1061] OSIS... Failed (Too Many Requests. Rate limited. Try after a while.)
[1017/1061] TTMI... Failed (Too Many Requests. Rate limited. Try after a while.)
[1018/1061] VIAV... Failed (Too Many Requests. Rate limited. Try after a while.)
[1019/1061] COHU... Failed (Too Many Requests. Rate limited. Try after a while.)
[1020/1061] ONTO... Failed (Too Many Requests. Rate limited. Try after a while.)
[1021/1061] UCTT... Failed (Too Many Requests. Rate limited. Try after a while.)
[1022/1061] AEIS... Failed (Too Many Requests. Rate limited. Try after a while.)
[1023/1061] ICHR... Failed (Too Many Requests. Rate limited. Try after a while.)
[1024/1061] AMAT... Failed (Too Many Requests. Rate limited. Try after a while.)
[1025/1061] LAM... Failed (Too Many Requests. Rate limited. Try after a while.)
[1026/1061] KLAC... Failed (Too Many Requests. Rate limited. Try after a while.)
[1027/1061] MKSI... Failed (Too Many Requests. Rate limited. Try after a while.)
[1028/1061] ENTG... Failed (Too Many Requests. Rate limited. Try after a while.)
[1029/1061] AZTA... Failed (Too Many Requests. Rate limited. Try after a while.)
[1030/1061] ACMR... Failed (Too Many Requests. Rate limited. Try after a while.)
[1031/1061] NVMI... Failed (Too Many Requests. Rate limited. Try after a while.)
[1032/1061] WOLF... Failed (Too Many Requests. Rate limited. Try after a while.)
[1033/1061] CREE... Failed (Too Many Requests. Rate limited. Try after a while.)
[1034/1061] AEVA... Failed (Too Many Requests. Rate limited. Try after a while.)
[1035/1061] OUST... Failed (Too Many Requests. Rate limited. Try after a while.)
[1036/1061] LIDR... Failed (Too Many Requests. Rate limited. Try after a while.)
[1037/1061] INVZ... Failed (Too Many Requests. Rate limited. Try after a while.)
[1038/1061] MVIS... Failed (Too Many Requests. Rate limited. Try after a while.)
[1039/1061] LAZR... Failed (Too Many Requests. Rate limited. Try after a while.)
[1040/1061] VLDR... Failed (Too Many Requests. Rate limited. Try after a while.)
[1041/1061] AEYE... Failed (Too Many Requests. Rate limited. Try after a while.)
[1042/1061] BLNK... Failed (Too Many Requests. Rate limited. Try after a while.)
[1043/1061] CHPT... Failed (Too Many Requests. Rate limited. Try after a while.)
[1044/1061] EVGO... Failed (Too Many Requests. Rate limited. Try after a while.)
[1045/1061] NXTP... Failed (Too Many Requests. Rate limited. Try after a while.)
[1046/1061] FREYR... Failed (Too Many Requests. Rate limited. Try after a while.)
[1047/1061] MVST... Failed (Too Many Requests. Rate limited. Try after a while.)
[1048/1061] NKLA... Failed (Too Many Requests. Rate limited. Try after a while.)
[1049/1061] WKHS... Failed (Too Many Requests. Rate limited. Try after a while.)
[1050/1061] RIDE... Failed (Too Many Requests. Rate limited. Try after a while.)
[1051/1061] GOEV... Failed (Too Many Requests. Rate limited. Try after a while.)
[1052/1061] FSR... Failed (Too Many Requests. Rate limited. Try after a while.)
[1053/1061] LCID... Failed (Too Many Requests. Rate limited. Try after a while.)
[1054/1061] RIVN... Failed (Too Many Requests. Rate limited. Try after a while.)
[1055/1061] FFIE... Failed (Too Many Requests. Rate limited. Try after a while.)
[1056/1061] MULN... Failed (Too Many Requests. Rate limited. Try after a while.)
[1057/1061] SOLO... Failed (Too Many Requests. Rate limited. Try after a while.)
[1058/1061] XPEV... Failed (Too Many Requests. Rate limited. Try after a while.)
[1059/1061] LI... Failed (Too Many Requests. Rate limited. Try after a while.)
[1060/1061] NIO... Failed (Too Many Requests. Rate limited. Try after a while.)
[1061/1061] ZEEKR... Failed (Too Many Requests. Rate limited. Try after a while.)

Done.
